Component: ARM Compiler 5.06 update 7 (build 960) Tool: armlink [4d3601]

==============================================================================

Section Cross References

    main.o(i.main) refers to sys.o(i.Cache_Enable) for Cache_Enable
    main.o(i.main) refers to mpu.o(i.MPU_Memory_Protection) for MPU_Memory_Protection
    main.o(i.main) refers to stm32h7xx_hal.o(i.HAL_Init) for HAL_Init
    main.o(i.main) refers to sys.o(i.Stm32_Clock_Init) for Stm32_Clock_Init
    main.o(i.main) refers to delay.o(i.delay_init) for delay_init
    main.o(i.main) refers to usart.o(i.uart1_init) for uart1_init
    main.o(i.main) refers to usart.o(i.uart2_init) for uart2_init
    main.o(i.main) refers to led.o(i.LED_Init) for LED_Init
    main.o(i.main) refers to adc.o(i.adc_dma_init) for adc_dma_init
    main.o(i.main) refers to adc.o(i.adc_dma_enable) for adc_dma_enable
    main.o(i.main) refers to btim.o(i.btim_timx_int_init) for btim_timx_int_init
    main.o(i.main) refers to scan.o(i.scan_init) for scan_init
    main.o(i.main) refers to usbd_core.o(i.USBD_Init) for USBD_Init
    main.o(i.main) refers to usbd_core.o(i.USBD_RegisterClass) for USBD_RegisterClass
    main.o(i.main) refers to usbd_cdc.o(i.USBD_CDC_RegisterInterface) for USBD_CDC_RegisterInterface
    main.o(i.main) refers to usbd_core.o(i.USBD_Start) for USBD_Start
    main.o(i.main) refers to stm32h7xx_hal_pwr_ex.o(i.HAL_PWREx_EnableUSBVoltageDetector) for HAL_PWREx_EnableUSBVoltageDetector
    main.o(i.main) refers to stm32h7xx_hal_gpio.o(i.HAL_GPIO_WritePin) for HAL_GPIO_WritePin
    main.o(i.main) refers to stm32h7xx_hal_uart.o(i.HAL_UART_Transmit) for HAL_UART_Transmit
    main.o(i.main) refers to delay.o(i.delay_ms) for delay_ms
    main.o(i.main) refers to usbd_cdc_interface.o(i.VCP_DataTx) for VCP_DataTx
    main.o(i.main) refers to main.o(.bss) for g_adc_dma_buf
    main.o(i.main) refers to usbd_desc.o(.data) for VCP_Desc
    main.o(i.main) refers to usbd_cdc.o(.data) for USBD_CDC
    main.o(i.main) refers to usbd_cdc_interface.o(.data) for USBD_CDC_fops
    main.o(i.main) refers to usbd_conf.o(.data) for bDeviceState
    main.o(i.main) refers to usbd_cdc_interface.o(.bss) for USB_USART_RX_BUF
    main.o(i.main) refers to usart.o(.bss) for UART2_Handler
    main.o(i.main) refers to main.o(.data) for BT_COMMAND
    main.o(i.main) refers to usart.o(.data) for USART2_RX_STA
    stm32h7xx_it.o(i.SysTick_Handler) refers to stm32h7xx_hal.o(i.HAL_IncTick) for HAL_IncTick
    system_stm32h7xx.o(i.SystemCoreClockUpdate) refers to system_stm32h7xx.o(.data) for SystemCoreClock
    system_stm32h7xx.o(i.SystemCoreClockUpdate) refers to system_stm32h7xx.o(.constdata) for D1CorePrescTable
    startup_stm32h743xx.o(RESET) refers to startup_stm32h743xx.o(STACK) for __initial_sp
    startup_stm32h743xx.o(RESET) refers to startup_stm32h743xx.o(.text) for Reset_Handler
    startup_stm32h743xx.o(RESET) refers to stm32h7xx_it.o(i.NMI_Handler) for NMI_Handler
    startup_stm32h743xx.o(RESET) refers to stm32h7xx_it.o(i.HardFault_Handler) for HardFault_Handler
    startup_stm32h743xx.o(RESET) refers to stm32h7xx_it.o(i.MemManage_Handler) for MemManage_Handler
    startup_stm32h743xx.o(RESET) refers to stm32h7xx_it.o(i.BusFault_Handler) for BusFault_Handler
    startup_stm32h743xx.o(RESET) refers to stm32h7xx_it.o(i.UsageFault_Handler) for UsageFault_Handler
    startup_stm32h743xx.o(RESET) refers to stm32h7xx_it.o(i.SVC_Handler) for SVC_Handler
    startup_stm32h743xx.o(RESET) refers to stm32h7xx_it.o(i.DebugMon_Handler) for DebugMon_Handler
    startup_stm32h743xx.o(RESET) refers to stm32h7xx_it.o(i.PendSV_Handler) for PendSV_Handler
    startup_stm32h743xx.o(RESET) refers to stm32h7xx_it.o(i.SysTick_Handler) for SysTick_Handler
    startup_stm32h743xx.o(RESET) refers to usmart.o(i.TIM4_IRQHandler) for TIM4_IRQHandler
    startup_stm32h743xx.o(RESET) refers to usart.o(i.USART1_IRQHandler) for USART1_IRQHandler
    startup_stm32h743xx.o(RESET) refers to usart.o(i.USART2_IRQHandler) for USART2_IRQHandler
    startup_stm32h743xx.o(RESET) refers to btim.o(i.TIM6_DAC_IRQHandler) for TIM6_DAC_IRQHandler
    startup_stm32h743xx.o(RESET) refers to adc.o(i.DMA2_Stream4_IRQHandler) for DMA2_Stream4_IRQHandler
    startup_stm32h743xx.o(RESET) refers to usbd_conf.o(i.OTG_FS_IRQHandler) for OTG_FS_IRQHandler
    startup_stm32h743xx.o(.text) refers to system_stm32h7xx.o(i.SystemInit) for SystemInit
    startup_stm32h743xx.o(.text) refers to entry.o(.ARM.Collect$$$$00000000) for __main
    delay.o(i.delay_init) refers to stm32h7xx_hal_cortex.o(i.HAL_SYSTICK_CLKSourceConfig) for HAL_SYSTICK_CLKSourceConfig
    delay.o(i.delay_init) refers to delay.o(.data) for fac_us
    delay.o(i.delay_ms) refers to delay.o(i.delay_us) for delay_us
    delay.o(i.delay_us) refers to delay.o(.data) for fac_us
    sys.o(i.Cache_Enable) refers to sys.o(i.SCB_EnableICache) for SCB_EnableICache
    sys.o(i.Cache_Enable) refers to sys.o(i.SCB_EnableDCache) for SCB_EnableDCache
[...]
    UART8_IRQHandler                         0x080002cb   Thumb Code     0  startup_stm32h743xx.o(.text)
    USART3_IRQHandler                        0x080002cb   Thumb Code     0  startup_stm32h743xx.o(.text)
    USART6_IRQHandler                        0x080002cb   Thumb Code     0  startup_stm32h743xx.o(.text)
    WAKEUP_PIN_IRQHandler                    0x080002cb   Thumb Code     0  startup_stm32h743xx.o(.text)
    WWDG_IRQHandler                          0x080002cb   Thumb Code     0  startup_stm32h743xx.o(.text)
    __aeabi_uldivmod                         0x080002d5   Thumb Code    98  uldiv.o(.text)
    __aeabi_memcpy                           0x08000337   Thumb Code    36  memcpya.o(.text)
    __aeabi_memcpy4                          0x08000337   Thumb Code     0  memcpya.o(.text)
    __aeabi_memcpy8                          0x08000337   Thumb Code     0  memcpya.o(.text)
    __aeabi_memset                           0x0800035b   Thumb Code    14  memseta.o(.text)
    __aeabi_memset4                          0x0800035b   Thumb Code     0  memseta.o(.text)
    __aeabi_memset8                          0x0800035b   Thumb Code     0  memseta.o(.text)
    __aeabi_memclr                           0x08000369   Thumb Code     4  memseta.o(.text)
    __aeabi_memclr4                          0x08000369   Thumb Code     0  memseta.o(.text)
    __aeabi_memclr8                          0x08000369   Thumb Code     0  memseta.o(.text)
    _memset$wrapper                          0x0800036d   Thumb Code    18  memseta.o(.text)
    strlen                                   0x0800037f   Thumb Code    14  strlen.o(.text)
    __aeabi_uidiv                            0x0800038d   Thumb Code     0  uidiv.o(.text)
    __aeabi_uidivmod                         0x0800038d   Thumb Code    44  uidiv.o(.text)
    __aeabi_llsl                             0x080003b9   Thumb Code    30  llshl.o(.text)
    _ll_shift_l                              0x080003b9   Thumb Code     0  llshl.o(.text)
    __aeabi_llsr                             0x080003d7   Thumb Code    32  llushr.o(.text)
    _ll_ushift_r                             0x080003d7   Thumb Code     0  llushr.o(.text)
    __I$use$fp                               0x080003f7   Thumb Code     0  iusefp.o(.text)
    __aeabi_dadd                             0x080003f7   Thumb Code   322  dadd.o(.text)
    __aeabi_dsub                             0x08000539   Thumb Code     6  dadd.o(.text)
    __aeabi_drsub                            0x0800053f   Thumb Code     6  dadd.o(.text)
    __aeabi_dmul                             0x08000545   Thumb Code   228  dmul.o(.text)
    __aeabi_ddiv                             0x08000629   Thumb Code   222  ddiv.o(.text)
    __aeabi_d2ulz                            0x08000707   Thumb Code    48  dfixul.o(.text)
    __aeabi_cdrcmple                         0x08000739   Thumb Code    48  cdrcmple.o(.text)
    __scatterload                            0x08000769   Thumb Code    28  init.o(.text)
    __scatterload_rt2                        0x08000769   Thumb Code     0  init.o(.text)
    __aeabi_lasr                             0x0800078d   Thumb Code    36  llsshr.o(.text)
    _ll_sshift_r                             0x0800078d   Thumb Code     0  llsshr.o(.text)
    _double_round                            0x080007b1   Thumb Code    30  depilogue.o(.text)
    _double_epilogue                         0x080007cf   Thumb Code   156  depilogue.o(.text)
    __decompress                             0x0800086b   Thumb Code     0  __dczerorl2.o(.text)
    __decompress1                            0x0800086b   Thumb Code    86  __dczerorl2.o(.text)
    ADC_DMAConvCplt                          0x080008c1   Thumb Code   138  stm32h7xx_hal_adc.o(i.ADC_DMAConvCplt)
    ADC_DMAError                             0x0800094b   Thumb Code    30  stm32h7xx_hal_adc.o(i.ADC_DMAError)
    ADC_DMAHalfConvCplt                      0x08000969   Thumb Code    14  stm32h7xx_hal_adc.o(i.ADC_DMAHalfConvCplt)
    ADC_Disable                              0x08000977   Thumb Code   152  stm32h7xx_hal_adc.o(i.ADC_Disable)
    ADC_Enable                               0x08000a11   Thumb Code   154  stm32h7xx_hal_adc.o(i.ADC_Enable)
    BusFault_Handler                         0x08000ab1   Thumb Code     4  stm32h7xx_it.o(i.BusFault_Handler)
    Cache_Enable                             0x08000c29   Thumb Code    24  sys.o(i.Cache_Enable)
    DMA2_Stream4_IRQHandler                  0x08000c45   Thumb Code    38  adc.o(i.DMA2_Stream4_IRQHandler)
    DebugMon_Handler                         0x08000ed5   Thumb Code     2  stm32h7xx_it.o(i.DebugMon_Handler)
    HAL_ADCEx_Calibration_Start              0x08000f01   Thumb Code   188  stm32h7xx_hal_adc_ex.o(i.HAL_ADCEx_Calibration_Start)
    HAL_ADC_ConfigChannel                    0x08000fbd   Thumb Code  1722  stm32h7xx_hal_adc.o(i.HAL_ADC_ConfigChannel)
    HAL_ADC_ConvCpltCallback                 0x08001695   Thumb Code     2  stm32h7xx_hal_adc.o(i.HAL_ADC_ConvCpltCallback)
    HAL_ADC_ConvHalfCpltCallback             0x08001697   Thumb Code     2  stm32h7xx_hal_adc.o(i.HAL_ADC_ConvHalfCpltCallback)
    HAL_ADC_ErrorCallback                    0x08001699   Thumb Code     2  stm32h7xx_hal_adc.o(i.HAL_ADC_ErrorCallback)
    HAL_ADC_Init                             0x0800169d   Thumb Code   820  stm32h7xx_hal_adc.o(i.HAL_ADC_Init)
    HAL_ADC_MspInit                          0x080019f5   Thumb Code   128  adc.o(i.HAL_ADC_MspInit)
    HAL_ADC_Start_DMA                        0x08001a81   Thumb Code   314  stm32h7xx_hal_adc.o(i.HAL_ADC_Start_DMA)
    HAL_DMA_Abort_IT                         0x08001bd5   Thumb Code   236  stm32h7xx_hal_dma.o(i.HAL_DMA_Abort_IT)
    HAL_DMA_Init                             0x08001ccd   Thumb Code   512  stm32h7xx_hal_dma.o(i.HAL_DMA_Init)
    HAL_DMA_Start_IT                         0x08001edd   Thumb Code   328  stm32h7xx_hal_dma.o(i.HAL_DMA_Start_IT)
    HAL_Delay                                0x0800202d   Thumb Code    36  stm32h7xx_hal.o(i.HAL_Delay)
    HAL_EnableCompensationCell               0x08002055   Thumb Code    14  stm32h7xx_hal.o(i.HAL_EnableCompensationCell)
    HAL_GPIO_Init                            0x08002069   Thumb Code   534  stm32h7xx_hal_gpio.o(i.HAL_GPIO_Init)
    HAL_GPIO_ReadPin                         0x080022b5   Thumb Code    16  stm32h7xx_hal_gpio.o(i.HAL_GPIO_ReadPin)
    HAL_GPIO_TogglePin                       0x080022c5   Thumb Code     8  stm32h7xx_hal_gpio.o(i.HAL_GPIO_TogglePin)
    HAL_GPIO_WritePin                        0x080022cd   Thumb Code    10  stm32h7xx_hal_gpio.o(i.HAL_GPIO_WritePin)
    HAL_GetTick                              0x080022d9   Thumb Code     6  stm32h7xx_hal.o(i.HAL_GetTick)
    HAL_IncTick                              0x080022e5   Thumb Code    16  stm32h7xx_hal.o(i.HAL_IncTick)
    HAL_Init                                 0x080022fd   Thumb Code    28  stm32h7xx_hal.o(i.HAL_Init)
    HAL_InitTick                             0x08002319   Thumb Code    64  stm32h7xx_hal.o(i.HAL_InitTick)
    HAL_MPU_ConfigRegion                     0x08002365   Thumb Code    88  stm32h7xx_hal_cortex.o(i.HAL_MPU_ConfigRegion)
    HAL_MspInit                              0x08002405   Thumb Code     2  stm32h7xx_hal_msp.o(i.HAL_MspInit)
    HAL_NVIC_EnableIRQ                       0x08002407   Thumb Code    32  stm32h7xx_hal_cortex.o(i.HAL_NVIC_EnableIRQ)
    HAL_NVIC_SetPriority                     0x08002427   Thumb Code   124  stm32h7xx_hal_cortex.o(i.HAL_NVIC_SetPriority)
    HAL_NVIC_SetPriorityGrouping             0x080024a5   Thumb Code    32  stm32h7xx_hal_cortex.o(i.HAL_NVIC_SetPriorityGrouping)
    HAL_PCDEx_ActivateBCD                    0x080024cd   Thumb Code    30  stm32h7xx_hal_pcd_ex.o(i.HAL_PCDEx_ActivateBCD)
    HAL_PCDEx_ActivateLPM                    0x080024ed   Thumb Code    36  stm32h7xx_hal_pcd_ex.o(i.HAL_PCDEx_ActivateLPM)
    HAL_PCDEx_LPM_Callback                   0x08002515   Thumb Code     2  stm32h7xx_hal_pcd_ex.o(i.HAL_PCDEx_LPM_Callback)
    HAL_PCDEx_SetRxFiFo                      0x08002517   Thumb Code    10  stm32h7xx_hal_pcd_ex.o(i.HAL_PCDEx_SetRxFiFo)
    HAL_PCDEx_SetTxFiFo                      0x08002521   Thumb Code    82  stm32h7xx_hal_pcd_ex.o(i.HAL_PCDEx_SetTxFiFo)
    HAL_PCD_ConnectCallback                  0x08002575   Thumb Code    20  usbd_conf.o(i.HAL_PCD_ConnectCallback)
    HAL_PCD_DataInStageCallback              0x0800258d   Thumb Code    32  usbd_conf.o(i.HAL_PCD_DataInStageCallback)
    HAL_PCD_DataOutStageCallback             0x080025ad   Thumb Code    32  usbd_conf.o(i.HAL_PCD_DataOutStageCallback)
    HAL_PCD_DisconnectCallback               0x080025cd   Thumb Code    26  usbd_conf.o(i.HAL_PCD_DisconnectCallback)
    HAL_PCD_EP_Close                         0x08002609   Thumb Code   108  stm32h7xx_hal_pcd.o(i.HAL_PCD_EP_Close)
    HAL_PCD_EP_ClrStall                      0x08002675   Thumb Code   106  stm32h7xx_hal_pcd.o(i.HAL_PCD_EP_ClrStall)
    HAL_PCD_EP_GetRxCount                    0x080026df   Thumb Code    24  stm32h7xx_hal_pcd.o(i.HAL_PCD_EP_GetRxCount)
    HAL_PCD_EP_Open                          0x080026f7   Thumb Code   142  stm32h7xx_hal_pcd.o(i.HAL_PCD_EP_Open)
    HAL_PCD_EP_Receive                       0x08002785   Thumb Code    90  stm32h7xx_hal_pcd.o(i.HAL_PCD_EP_Receive)
    HAL_PCD_EP_SetStall                      0x080027df   Thumb Code   124  stm32h7xx_hal_pcd.o(i.HAL_PCD_EP_SetStall)
    HAL_PCD_EP_Transmit                      0x0800285b   Thumb Code    92  stm32h7xx_hal_pcd.o(i.HAL_PCD_EP_Transmit)
    HAL_PCD_IRQHandler                       0x080028b9   Thumb Code  1798  stm32h7xx_hal_pcd.o(i.HAL_PCD_IRQHandler)
    HAL_PCD_ISOINIncompleteCallback          0x08002fe9   Thumb Code    18  usbd_conf.o(i.HAL_PCD_ISOINIncompleteCallback)
    HAL_PCD_ISOOUTIncompleteCallback         0x08002ffb   Thumb Code    18  usbd_conf.o(i.HAL_PCD_ISOOUTIncompleteCallback)
    HAL_PCD_Init                             0x0800300d   Thumb Code   346  stm32h7xx_hal_pcd.o(i.HAL_PCD_Init)
    HAL_PCD_MspInit                          0x08003169   Thumb Code   154  usbd_conf.o(i.HAL_PCD_MspInit)
    HAL_PCD_ResetCallback                    0x08003211   Thumb Code    68  usbd_conf.o(i.HAL_PCD_ResetCallback)
    HAL_PCD_ResumeCallback                   0x080032a9   Thumb Code    20  usbd_conf.o(i.HAL_PCD_ResumeCallback)
    HAL_PCD_SOFCallback                      0x080032d1   Thumb Code    14  usbd_conf.o(i.HAL_PCD_SOFCallback)
    HAL_PCD_SetAddress                       0x080032df   Thumb Code    50  stm32h7xx_hal_pcd.o(i.HAL_PCD_SetAddress)
    HAL_PCD_SetupStageCallback               0x08003311   Thumb Code    18  usbd_conf.o(i.HAL_PCD_SetupStageCallback)
    HAL_PCD_Start                            0x08003323   Thumb Code    20  stm32h7xx_hal_pcd.o(i.HAL_PCD_Start)
    HAL_PCD_SuspendCallback                  0x08003339   Thumb Code    26  usbd_conf.o(i.HAL_PCD_SuspendCallback)
    HAL_PWREx_EnableUSBVoltageDetector       0x08003375   Thumb Code    14  stm32h7xx_hal_pwr_ex.o(i.HAL_PWREx_EnableUSBVoltageDetector)
    HAL_RCCEx_GetD1SysClockFreq              0x08003389   Thumb Code    44  stm32h7xx_hal_rcc_ex.o(i.HAL_RCCEx_GetD1SysClockFreq)
    HAL_RCCEx_GetD3PCLK1Freq                 0x080033c1   Thumb Code    34  stm32h7xx_hal_rcc_ex.o(i.HAL_RCCEx_GetD3PCLK1Freq)
    HAL_RCCEx_GetPLL2ClockFreq               0x080033ed   Thumb Code   532  stm32h7xx_hal_rcc_ex.o(i.HAL_RCCEx_GetPLL2ClockFreq)
    HAL_RCCEx_GetPLL3ClockFreq               0x08003619   Thumb Code   532  stm32h7xx_hal_rcc_ex.o(i.HAL_RCCEx_GetPLL3ClockFreq)
    HAL_RCCEx_PeriphCLKConfig                0x08003845   Thumb Code  3204  stm32h7xx_hal_rcc_ex.o(i.HAL_RCCEx_PeriphCLKConfig)
    HAL_RCC_ClockConfig                      0x080044cd   Thumb Code   574  stm32h7xx_hal_rcc.o(i.HAL_RCC_ClockConfig)
    HAL_RCC_GetHCLKFreq                      0x0800471d   Thumb Code    42  stm32h7xx_hal_rcc.o(i.HAL_RCC_GetHCLKFreq)
    HAL_RCC_GetPCLK1Freq                     0x08004755   Thumb Code    34  stm32h7xx_hal_rcc.o(i.HAL_RCC_GetPCLK1Freq)
    HAL_RCC_GetPCLK2Freq                     0x08004781   Thumb Code    36  stm32h7xx_hal_rcc.o(i.HAL_RCC_GetPCLK2Freq)
    HAL_RCC_GetSysClockFreq                  0x080047ad   Thumb Code   556  stm32h7xx_hal_rcc.o(i.HAL_RCC_GetSysClockFreq)
    HAL_RCC_OscConfig                        0x080049f1   Thumb Code  1724  stm32h7xx_hal_rcc.o(i.HAL_RCC_OscConfig)
    HAL_SYSTICK_CLKSourceConfig              0x080050b5   Thumb Code    40  stm32h7xx_hal_cortex.o(i.HAL_SYSTICK_CLKSourceConfig)
    HAL_SYSTICK_Config                       0x080050dd   Thumb Code    52  stm32h7xx_hal_cortex.o(i.HAL_SYSTICK_Config)
    HAL_TIMEx_BreakCallback                  0x08005111   Thumb Code     2  stm32h7xx_hal_tim_ex.o(i.HAL_TIMEx_BreakCallback)
    HAL_TIMEx_CommutationCallback            0x08005113   Thumb Code     2  stm32h7xx_hal_tim_ex.o(i.HAL_TIMEx_CommutationCallback)
    HAL_TIM_Base_Init                        0x08005115   Thumb Code    52  stm32h7xx_hal_tim.o(i.HAL_TIM_Base_Init)
    HAL_TIM_Base_MspInit                     0x08005149   Thumb Code    62  btim.o(i.HAL_TIM_Base_MspInit)
    HAL_TIM_Base_Start_IT                    0x08005191   Thumb Code    30  stm32h7xx_hal_tim.o(i.HAL_TIM_Base_Start_IT)
    HAL_TIM_IC_CaptureCallback               0x080051af   Thumb Code     2  stm32h7xx_hal_tim.o(i.HAL_TIM_IC_CaptureCallback)
    HAL_TIM_IRQHandler                       0x080051b1   Thumb Code   440  stm32h7xx_hal_tim.o(i.HAL_TIM_IRQHandler)
    HAL_TIM_OC_DelayElapsedCallback          0x08005369   Thumb Code     2  stm32h7xx_hal_tim.o(i.HAL_TIM_OC_DelayElapsedCallback)
    HAL_TIM_PWM_PulseFinishedCallback        0x0800536b   Thumb Code     2  stm32h7xx_hal_tim.o(i.HAL_TIM_PWM_PulseFinishedCallback)
    HAL_TIM_PeriodElapsedCallback            0x0800536d   Thumb Code  1698  btim.o(i.HAL_TIM_PeriodElapsedCallback)
    HAL_TIM_TriggerCallback                  0x08005a29   Thumb Code     2  stm32h7xx_hal_tim.o(i.HAL_TIM_TriggerCallback)
    HAL_UARTEx_WakeupCallback                0x08005a2b   Thumb Code     2  stm32h7xx_hal_uart_ex.o(i.HAL_UARTEx_WakeupCallback)
    HAL_UART_ErrorCallback                   0x08005a2d   Thumb Code     2  stm32h7xx_hal_uart.o(i.HAL_UART_ErrorCallback)
    HAL_UART_GetState                        0x08005a2f   Thumb Code    20  stm32h7xx_hal_uart.o(i.HAL_UART_GetState)
    HAL_UART_IRQHandler                      0x08005a45   Thumb Code   434  stm32h7xx_hal_uart.o(i.HAL_UART_IRQHandler)
    HAL_UART_Init                            0x08005c01   Thumb Code   120  stm32h7xx_hal_uart.o(i.HAL_UART_Init)
    HAL_UART_MspInit                         0x08005c79   Thumb Code     2  usart.o(i.HAL_UART_MspInit)
    HAL_UART_Receive_IT                      0x08005c7b   Thumb Code   224  stm32h7xx_hal_uart.o(i.HAL_UART_Receive_IT)
    HAL_UART_RxCpltCallback                  0x08005d5d   Thumb Code   216  usart.o(i.HAL_UART_RxCpltCallback)
    HAL_UART_Transmit                        0x08005e55   Thumb Code   198  stm32h7xx_hal_uart.o(i.HAL_UART_Transmit)
    HAL_UART_TxCpltCallback                  0x08005f1b   Thumb Code     2  stm32h7xx_hal_uart.o(i.HAL_UART_TxCpltCallback)
    HardFault_Handler                        0x08005f1d   Thumb Code     4  stm32h7xx_it.o(i.HardFault_Handler)
    IIC_Ack                                  0x08005f21   Thumb Code    78  myiic.o(i.IIC_Ack)
    IIC_NAck                                 0x08005f75   Thumb Code    78  myiic.o(i.IIC_NAck)
    IIC_Read_Byte                            0x08005fc9   Thumb Code   102  myiic.o(i.IIC_Read_Byte)
    IIC_Send_Byte                            0x08006035   Thumb Code   118  myiic.o(i.IIC_Send_Byte)
    IIC_Start                                0x080060b1   Thumb Code    78  myiic.o(i.IIC_Start)
    IIC_Stop                                 0x08006105   Thumb Code    78  myiic.o(i.IIC_Stop)
    IIC_Wait_Ack                             0x08006159   Thumb Code    98  myiic.o(i.IIC_Wait_Ack)
    LED_Init                                 0x08006201   Thumb Code   150  led.o(i.LED_Init)
    MPU_Memory_Protection                    0x080062a5   Thumb Code    52  mpu.o(i.MPU_Memory_Protection)
    MPU_Set_Protection                       0x080062d9   Thumb Code    92  mpu.o(i.MPU_Set_Protection)
    MPU_Set_SRAMProtection                   0x08006335   Thumb Code    94  mpu.o(i.MPU_Set_SRAMProtection)
    MemManage_Handler                        0x08006393   Thumb Code     4  stm32h7xx_it.o(i.MemManage_Handler)
    NMI_Handler                              0x08006397   Thumb Code     2  stm32h7xx_it.o(i.NMI_Handler)
    OTG_FS_IRQHandler                        0x08006399   Thumb Code    10  usbd_conf.o(i.OTG_FS_IRQHandler)
    PCF8574_ReadOneByte                      0x0800645d   Thumb Code    34  pcf8574.o(i.PCF8574_ReadOneByte)
    PCF8574_WriteBit                         0x0800647f   Thumb Code    38  pcf8574.o(i.PCF8574_WriteBit)
    PCF8574_WriteOneByte                     0x080064a5   Thumb Code    40  pcf8574.o(i.PCF8574_WriteOneByte)
    PendSV_Handler                           0x080064cd   Thumb Code     2  stm32h7xx_it.o(i.PendSV_Handler)
    SVC_Handler                              0x080068a1   Thumb Code     2  stm32h7xx_it.o(i.SVC_Handler)
    Stm32_Clock_Init                         0x080068a5   Thumb Code   248  sys.o(i.Stm32_Clock_Init)
    SysTick_Handler                          0x080069a5   Thumb Code     8  stm32h7xx_it.o(i.SysTick_Handler)
    SystemInit                               0x080069ad   Thumb Code   130  system_stm32h7xx.o(i.SystemInit)
    TIM4_IRQHandler                          0x08006a41   Thumb Code    58  usmart.o(i.TIM4_IRQHandler)
    TIM6_DAC_IRQHandler                      0x08006a85   Thumb Code    10  btim.o(i.TIM6_DAC_IRQHandler)
    TIM_Base_SetConfig                       0x08006a95   Thumb Code   172  stm32h7xx_hal_tim.o(i.TIM_Base_SetConfig)
    Timer4_Init                              0x08006b61   Thumb Code    80  usmart.o(i.Timer4_Init)
    UART_AdvFeatureConfig                    0x08006bbd   Thumb Code   234  stm32h7xx_hal_uart.o(i.UART_AdvFeatureConfig)
    UART_CheckIdleState                      0x08006ca7   Thumb Code   116  stm32h7xx_hal_uart.o(i.UART_CheckIdleState)
    UART_SetConfig                           0x08006dfd   Thumb Code  2452  stm32h7xx_hal_uart.o(i.UART_SetConfig)
    UART_WaitOnFlagUntilTimeout              0x08007823   Thumb Code   108  stm32h7xx_hal_uart.o(i.UART_WaitOnFlagUntilTimeout)
    USART1_IRQHandler                        0x08007891   Thumb Code    66  usart.o(i.USART1_IRQHandler)
    USART2_IRQHandler                        0x080078e1   Thumb Code    66  usart.o(i.USART2_IRQHandler)
    USBD_CDC_GetDeviceQualifierDescriptor    0x080079f5   Thumb Code    10  usbd_cdc.o(i.USBD_CDC_GetDeviceQualifierDescriptor)
    USBD_CDC_ReceivePacket                   0x08007add   Thumb Code    58  usbd_cdc.o(i.USBD_CDC_ReceivePacket)
    USBD_CDC_RegisterInterface               0x08007b17   Thumb Code    14  usbd_cdc.o(i.USBD_CDC_RegisterInterface)
    USBD_CDC_SetRxBuffer                     0x08007b25   Thumb Code    14  usbd_cdc.o(i.USBD_CDC_SetRxBuffer)
    USBD_CDC_SetTxBuffer                     0x08007b33   Thumb Code    20  usbd_cdc.o(i.USBD_CDC_SetTxBuffer)
    USBD_CDC_TransmitPacket                  0x08007bd9   Thumb Code    56  usbd_cdc.o(i.USBD_CDC_TransmitPacket)
    USBD_ClrClassConfig                      0x08007c11   Thumb Code    22  usbd_core.o(i.USBD_ClrClassConfig)
    USBD_CtlContinueRx                       0x08007c6b   Thumb Code    24  usbd_ioreq.o(i.USBD_CtlContinueRx)
    USBD_CtlContinueSendData                 0x08007c83   Thumb Code    24  usbd_ioreq.o(i.USBD_CtlContinueSendData)
    USBD_CtlError                            0x08007c9b   Thumb Code    24  usbd_ctlreq.o(i.USBD_CtlError)
    USBD_CtlPrepareRx                        0x08007cb3   Thumb Code    40  usbd_ioreq.o(i.USBD_CtlPrepareRx)
    USBD_CtlReceiveStatus                    0x08007cdb   Thumb Code    26  usbd_ioreq.o(i.USBD_CtlReceiveStatus)
    USBD_CtlSendData                         0x08007cf5   Thumb Code    34  usbd_ioreq.o(i.USBD_CtlSendData)
    USBD_CtlSendStatus                       0x08007d17   Thumb Code    26  usbd_ioreq.o(i.USBD_CtlSendStatus)
    USBD_GetString                           0x08007f21   Thumb Code    82  usbd_ctlreq.o(i.USBD_GetString)
    USBD_Init                                0x08007f73   Thumb Code    50  usbd_core.o(i.USBD_Init)
    USBD_LL_ClearStallEP                     0x08007fa5   Thumb Code    20  usbd_conf.o(i.USBD_LL_ClearStallEP)
    USBD_LL_CloseEP                          0x08007fb9   Thumb Code    20  usbd_conf.o(i.USBD_LL_CloseEP)
    USBD_LL_DataInStage                      0x08007fcd   Thumb Code   218  usbd_core.o(i.USBD_LL_DataInStage)
    USBD_LL_DataOutStage                     0x080080a7   Thumb Code   134  usbd_core.o(i.USBD_LL_DataOutStage)
    USBD_LL_DevConnected                     0x0800812d   Thumb Code     6  usbd_core.o(i.USBD_LL_DevConnected)
    USBD_LL_DevDisconnected                  0x08008133   Thumb Code    26  usbd_core.o(i.USBD_LL_DevDisconnected)
    USBD_LL_GetRxDataSize                    0x0800814d   Thumb Code    18  usbd_conf.o(i.USBD_LL_GetRxDataSize)
    USBD_LL_Init                             0x08008161   Thumb Code    90  usbd_conf.o(i.USBD_LL_Init)
    USBD_LL_IsStallEP                        0x080081c5   Thumb Code    56  usbd_conf.o(i.USBD_LL_IsStallEP)
    USBD_LL_IsoINIncomplete                  0x080081fd   Thumb Code     6  usbd_core.o(i.USBD_LL_IsoINIncomplete)
    USBD_LL_IsoOUTIncomplete                 0x08008203   Thumb Code     6  usbd_core.o(i.USBD_LL_IsoOUTIncomplete)
    USBD_LL_OpenEP                           0x08008209   Thumb Code    32  usbd_conf.o(i.USBD_LL_OpenEP)
    USBD_LL_PrepareReceive                   0x08008229   Thumb Code    32  usbd_conf.o(i.USBD_LL_PrepareReceive)
    USBD_LL_Reset                            0x08008249   Thumb Code    68  usbd_core.o(i.USBD_LL_Reset)
    USBD_LL_Resume                           0x0800828d   Thumb Code    14  usbd_core.o(i.USBD_LL_Resume)
    USBD_LL_SOF                              0x0800829b   Thumb Code    34  usbd_core.o(i.USBD_LL_SOF)
    USBD_LL_SetSpeed                         0x080082bd   Thumb Code     8  usbd_core.o(i.USBD_LL_SetSpeed)
    USBD_LL_SetUSBAddress                    0x080082c5   Thumb Code    26  usbd_conf.o(i.USBD_LL_SetUSBAddress)
    USBD_LL_SetupStage                       0x080082e5   Thumb Code   110  usbd_core.o(i.USBD_LL_SetupStage)
    USBD_LL_StallEP                          0x08008353   Thumb Code    20  usbd_conf.o(i.USBD_LL_StallEP)
    USBD_LL_Start                            0x08008367   Thumb Code    16  usbd_conf.o(i.USBD_LL_Start)
    USBD_LL_Suspend                          0x08008377   Thumb Code    20  usbd_core.o(i.USBD_LL_Suspend)
    USBD_LL_Transmit                         0x0800838b   Thumb Code    32  usbd_conf.o(i.USBD_LL_Transmit)
    USBD_ParseSetupRequest                   0x080083ab   Thumb Code    40  usbd_ctlreq.o(i.USBD_ParseSetupRequest)
    USBD_RegisterClass                       0x080083d3   Thumb Code    16  usbd_core.o(i.USBD_RegisterClass)
    USBD_RunTestMode                         0x080083e3   Thumb Code     6  usbd_core.o(i.USBD_RunTestMode)
    USBD_SetClassConfig                      0x0800843d   Thumb Code    34  usbd_core.o(i.USBD_SetClassConfig)
    USBD_Start                               0x08008565   Thumb Code    14  usbd_core.o(i.USBD_Start)
    USBD_StdDevReq                           0x08008573   Thumb Code   114  usbd_ctlreq.o(i.USBD_StdDevReq)
    USBD_StdEPReq                            0x080085e5   Thumb Code   342  usbd_ctlreq.o(i.USBD_StdEPReq)
    USBD_StdItfReq                           0x0800873b   Thumb Code    74  usbd_ctlreq.o(i.USBD_StdItfReq)
    USBD_VCP_ConfigStrDescriptor             0x08008785   Thumb Code    34  usbd_desc.o(i.USBD_VCP_ConfigStrDescriptor)
    USBD_VCP_DeviceDescriptor                0x080087b9   Thumb Code    10  usbd_desc.o(i.USBD_VCP_DeviceDescriptor)
    USBD_VCP_InterfaceStrDescriptor          0x080087c9   Thumb Code    34  usbd_desc.o(i.USBD_VCP_InterfaceStrDescriptor)
    USBD_VCP_LangIDStrDescriptor             0x08008801   Thumb Code    10  usbd_desc.o(i.USBD_VCP_LangIDStrDescriptor)
    USBD_VCP_ManufacturerStrDescriptor       0x08008811   Thumb Code    20  usbd_desc.o(i.USBD_VCP_ManufacturerStrDescriptor)
    USBD_VCP_ProductStrDescriptor            0x0800883d   Thumb Code    34  usbd_desc.o(i.USBD_VCP_ProductStrDescriptor)
    USBD_VCP_SerialStrDescriptor             0x080088ad   Thumb Code    18  usbd_desc.o(i.USBD_VCP_SerialStrDescriptor)
    USB_ActivateEndpoint                     0x080088c5   Thumb Code   192  stm32h7xx_ll_usb.o(i.USB_ActivateEndpoint)
    USB_ActivateSetup                        0x08008989   Thumb Code    68  stm32h7xx_ll_usb.o(i.USB_ActivateSetup)
    USB_CoreInit                             0x080089cd   Thumb Code   108  stm32h7xx_ll_usb.o(i.USB_CoreInit)
    USB_DeactivateEndpoint                   0x08008a89   Thumb Code   162  stm32h7xx_ll_usb.o(i.USB_DeactivateEndpoint)
    USB_DevConnect                           0x08008b31   Thumb Code    30  stm32h7xx_ll_usb.o(i.USB_DevConnect)
    USB_DevDisconnect                        0x08008b4f   Thumb Code    30  stm32h7xx_ll_usb.o(i.USB_DevDisconnect)
    USB_DevInit                              0x08008b6d   Thumb Code   412  stm32h7xx_ll_usb.o(i.USB_DevInit)
    USB_DisableGlobalInt                     0x08008d19   Thumb Code    14  stm32h7xx_ll_usb.o(i.USB_DisableGlobalInt)
    USB_EP0StartXfer                         0x08008d29   Thumb Code   426  stm32h7xx_ll_usb.o(i.USB_EP0StartXfer)
    USB_EP0_OutStart                         0x08008ed9   Thumb Code    68  stm32h7xx_ll_usb.o(i.USB_EP0_OutStart)
    USB_EPClearStall                         0x08008f1d   Thumb Code   136  stm32h7xx_ll_usb.o(i.USB_EPClearStall)
    USB_EPSetStall                           0x08008fa5   Thumb Code   140  stm32h7xx_ll_usb.o(i.USB_EPSetStall)
    USB_EPStartXfer                          0x08009031   Thumb Code   714  stm32h7xx_ll_usb.o(i.USB_EPStartXfer)
    USB_EnableGlobalInt                      0x08009301   Thumb Code    14  stm32h7xx_ll_usb.o(i.USB_EnableGlobalInt)
    USB_FlushRxFifo                          0x08009311   Thumb Code    38  stm32h7xx_ll_usb.o(i.USB_FlushRxFifo)
    USB_FlushTxFifo                          0x0800933d   Thumb Code    44  stm32h7xx_ll_usb.o(i.USB_FlushTxFifo)
    USB_GetDevSpeed                          0x0800936d   Thumb Code    68  stm32h7xx_ll_usb.o(i.USB_GetDevSpeed)
    USB_GetMode                              0x080093b1   Thumb Code    10  stm32h7xx_ll_usb.o(i.USB_GetMode)
    USB_ReadDevAllInEpInterrupt              0x080093bb   Thumb Code    18  stm32h7xx_ll_usb.o(i.USB_ReadDevAllInEpInterrupt)
    USB_ReadDevAllOutEpInterrupt             0x080093cd   Thumb Code    18  stm32h7xx_ll_usb.o(i.USB_ReadDevAllOutEpInterrupt)
    USB_ReadDevInEPInterrupt                 0x080093df   Thumb Code    44  stm32h7xx_ll_usb.o(i.USB_ReadDevInEPInterrupt)
    USB_ReadDevOutEPInterrupt                0x0800940b   Thumb Code    22  stm32h7xx_ll_usb.o(i.USB_ReadDevOutEPInterrupt)
    USB_ReadInterrupts                       0x08009421   Thumb Code    12  stm32h7xx_ll_usb.o(i.USB_ReadInterrupts)
    USB_ReadPacket                           0x0800942d   Thumb Code    40  stm32h7xx_ll_usb.o(i.USB_ReadPacket)
    USB_SetCurrentMode                       0x08009455   Thumb Code    48  stm32h7xx_ll_usb.o(i.USB_SetCurrentMode)
    USB_SetDevAddress                        0x08009485   Thumb Code    36  stm32h7xx_ll_usb.o(i.USB_SetDevAddress)
    USB_SetDevSpeed                          0x080094a9   Thumb Code    16  stm32h7xx_ll_usb.o(i.USB_SetDevSpeed)
    USB_WritePacket                          0x080094b9   Thumb Code    58  stm32h7xx_ll_usb.o(i.USB_WritePacket)
    UsageFault_Handler                       0x080094f3   Thumb Code     4  stm32h7xx_it.o(i.UsageFault_Handler)
    VCP_DataRx                               0x080094f9   Thumb Code   122  usbd_cdc_interface.o(i.VCP_DataRx)
    VCP_DataTx                               0x0800957d   Thumb Code    30  usbd_cdc_interface.o(i.VCP_DataTx)
    __0printf                                0x080095a1   Thumb Code    22  printfa.o(i.__0printf)
    __1printf                                0x080095a1   Thumb Code     0  printfa.o(i.__0printf)
    __2printf                                0x080095a1   Thumb Code     0  printfa.o(i.__0printf)
    __c89printf                              0x080095a1   Thumb Code     0  printfa.o(i.__0printf)
    printf                                   0x080095a1   Thumb Code     0  printfa.o(i.__0printf)
    __0vsprintf                              0x080095c1   Thumb Code    30  printfa.o(i.__0vsprintf)
    __1vsprintf                              0x080095c1   Thumb Code     0  printfa.o(i.__0vsprintf)
    __2vsprintf                              0x080095c1   Thumb Code     0  printfa.o(i.__0vsprintf)
    __c89vsprintf                            0x080095c1   Thumb Code     0  printfa.o(i.__0vsprintf)
    vsprintf                                 0x080095c1   Thumb Code     0  printfa.o(i.__0vsprintf)
    __scatterload_copy                       0x0800961d   Thumb Code    14  handlers.o(i.__scatterload_copy)
    __scatterload_null                       0x0800962b   Thumb Code     2  handlers.o(i.__scatterload_null)
    __scatterload_zeroinit                   0x0800962d   Thumb Code    14  handlers.o(i.__scatterload_zeroinit)
    adc_dma_enable                           0x08009ed1   Thumb Code    80  adc.o(i.adc_dma_enable)
    adc_dma_init                             0x08009f29   Thumb Code   368  adc.o(i.adc_dma_init)
    btim_timx_int_init                       0x0800a0b1   Thumb Code    34  btim.o(i.btim_timx_int_init)
    delay_init                               0x0800a0dd   Thumb Code    16  delay.o(i.delay_init)
    delay_ms                                 0x0800a0f1   Thumb Code    24  delay.o(i.delay_ms)
    delay_us                                 0x0800a109   Thumb Code    68  delay.o(i.delay_us)
    fputc                                    0x0800a151   Thumb Code    22  usart.o(i.fputc)
    main                                     0x0800a16d   Thumb Code   310  main.o(i.main)
    my_mem_free                              0x0800a2e9   Thumb Code    96  malloc.o(i.my_mem_free)
    my_mem_init                              0x0800a355   Thumb Code    34  malloc.o(i.my_mem_init)
    my_mem_malloc                            0x0800a381   Thumb Code   156  malloc.o(i.my_mem_malloc)
    my_mem_perused                           0x0800a429   Thumb Code    56  malloc.o(i.my_mem_perused)
    myfree                                   0x0800a469   Thumb Code    30  malloc.o(i.myfree)
    mymalloc                                 0x0800a48d   Thumb Code    34  malloc.o(i.mymalloc)
    mymemset                                 0x0800a4b5   Thumb Code    20  malloc.o(i.mymemset)
    read_addr                                0x0800a4c9   Thumb Code     6  usmart.o(i.read_addr)
    scan1                                    0x0800a4d1   Thumb Code    64  scan.o(i.scan1)
    scan10                                   0x0800a519   Thumb Code    62  scan.o(i.scan10)
    scan11                                   0x0800a561   Thumb Code    62  scan.o(i.scan11)
    scan12                                   0x0800a5a9   Thumb Code    62  scan.o(i.scan12)
    scan13                                   0x0800a5f1   Thumb Code    60  scan.o(i.scan13)
    scan14                                   0x0800a635   Thumb Code    60  scan.o(i.scan14)
    scan15                                   0x0800a679   Thumb Code    60  scan.o(i.scan15)
    scan16                                   0x0800a6bd   Thumb Code    60  scan.o(i.scan16)
    scan2                                    0x0800a701   Thumb Code    64  scan.o(i.scan2)
    scan3                                    0x0800a749   Thumb Code    64  scan.o(i.scan3)
    scan4                                    0x0800a791   Thumb Code    64  scan.o(i.scan4)
    scan5                                    0x0800a7d9   Thumb Code    62  scan.o(i.scan5)
    scan6                                    0x0800a821   Thumb Code    62  scan.o(i.scan6)
    scan7                                    0x0800a869   Thumb Code    62  scan.o(i.scan7)
    scan8                                    0x0800a8b1   Thumb Code    62  scan.o(i.scan8)
    scan9                                    0x0800a8f9   Thumb Code    62  scan.o(i.scan9)
    scan_init                                0x0800a941   Thumb Code  1344  scan.o(i.scan_init)
    uart1_init                               0x0800ae8d   Thumb Code   154  usart.o(i.uart1_init)
    uart2_init                               0x0800af3d   Thumb Code   152  usart.o(i.uart2_init)
    usb_printf                               0x0800afe9   Thumb Code    52  usbd_cdc_interface.o(i.usb_printf)
    usmart_cmd_rec                           0x0800b021   Thumb Code   170  usmart.o(i.usmart_cmd_rec)
    usmart_exe                               0x0800b0d1   Thumb Code   632  usmart.o(i.usmart_exe)
    usmart_get_aparm                         0x0800b3a5   Thumb Code   212  usmart_str.o(i.usmart_get_aparm)
    usmart_get_cmdname                       0x0800b479   Thumb Code    54  usmart_str.o(i.usmart_get_cmdname)
    usmart_get_fname                         0x0800b4b1   Thumb Code   440  usmart_str.o(i.usmart_get_fname)
    usmart_get_fparam                        0x0800b671   Thumb Code   262  usmart_str.o(i.usmart_get_fparam)
    usmart_get_parmpos                       0x0800b77d   Thumb Code    26  usmart_str.o(i.usmart_get_parmpos)
    usmart_get_runtime                       0x0800b79d   Thumb Code    58  usmart.o(i.usmart_get_runtime)
    usmart_init                              0x0800b7e1   Thumb Code    36  usmart.o(i.usmart_init)
    usmart_pow                               0x0800b809   Thumb Code    22  usmart_str.o(i.usmart_pow)
    usmart_reset_runtime                     0x0800b821   Thumb Code    44  usmart.o(i.usmart_reset_runtime)
    usmart_scan                              0x0800b855   Thumb Code   120  usmart.o(i.usmart_scan)
    usmart_search_nextc                      0x0800b911   Thumb Code    22  usmart_str.o(i.usmart_search_nextc)
    usmart_str2num                           0x0800b927   Thumb Code   262  usmart_str.o(i.usmart_str2num)
    usmart_strcmp                            0x0800ba2d   Thumb Code    34  usmart_str.o(i.usmart_strcmp)
    usmart_strcopy                           0x0800ba4f   Thumb Code    22  usmart_str.o(i.usmart_strcopy)
    usmart_strlen                            0x0800ba65   Thumb Code    24  usmart_str.o(i.usmart_strlen)
    usmart_sys_cmd_exe                       0x0800ba7d   Thumb Code  1570  usmart.o(i.usmart_sys_cmd_exe)
    write_addr                               0x0800c171   Thumb Code     4  usmart.o(i.write_addr)
    D1CorePrescTable                         0x0800c18c   Data          16  system_stm32h7xx.o(.constdata)
    memtblsize                               0x0800c1ec   Data          12  malloc.o(.constdata)
    memblksize                               0x0800c1f8   Data          12  malloc.o(.constdata)
    memsize                                  0x0800c204   Data          12  malloc.o(.constdata)
    Region$$Table$$Base                      0x0800c274   Number         0  anon$$obj.o(Region$$Table)
    Region$$Table$$Limit                     0x0800c294   Number         0  anon$$obj.o(Region$$Table)
    mem3base                                 0x20000000   Data       61440  malloc.o(.ARM.__AT_0x20000000)
    mem3mapbase                              0x2000f000   Data        3840  malloc.o(.ARM.__AT_0x2000F000)
    BT_COMMAND                               0x24000000   Data          10  main.o(.data)
    SystemCoreClock                          0x2400000c   Data           4  system_stm32h7xx.o(.data)
    SystemD2Clock                            0x24000010   Data           4  system_stm32h7xx.o(.data)
    __stdout                                 0x24000018   Data           4  usart.o(.data)
    USART1_RX_STA                            0x2400001c   Data           2  usart.o(.data)
    uart1_RxBuf                              0x2400001e   Data           1  usart.o(.data)
    USART2_RX_STA                            0x24000020   Data           2  usart.o(.data)
    uart2_RxBuf                              0x24000022   Data           1  usart.o(.data)
    g_adc_dma_sta                            0x2400002d   Data           1  adc.o(.data)
    x                                        0x24000030   Data          16  btim.o(.data)
    i                                        0x24000040   Data           4  btim.o(.data)
    j                                        0x24000044   Data           4  btim.o(.data)
    adc_cnt                                  0x24000048   Data           4  btim.o(.data)
    adcx                                     0x2400004c   Data           2  btim.o(.data)
    sum                                      0x24000050   Data           4  btim.o(.data)
    num                                      0x24000054   Data           2  btim.o(.data)
    num1                                     0x24000056   Data           2  btim.o(.data)
    temp                                     0x24000058   Data           4  btim.o(.data)
    adctemp                                  0x2400005c   Data           4  btim.o(.data)
    pre                                      0x24000060   Data           4  btim.o(.data)
    adc_temp1                                0x24000064   Data           4  btim.o(.data)
    adc_temp2                                0x24000068   Data           4  btim.o(.data)
    sys_cmd_tab                              0x2400006c   Data          28  usmart.o(.data)
    usmart_nametab                           0x24000088   Data          16  usmart_config.o(.data)
    usmart_dev                               0x24000098   Data         244  usmart_config.o(.data)
    mallco_dev                               0x2400018c   Data          36  malloc.o(.data)
    USBD_CDC                                 0x240001bc   Data          56  usbd_cdc.o(.data)
    USBD_CDC_CfgHSDesc                       0x240001f4   Data          67  usbd_cdc.o(.data)
    USBD_CDC_CfgFSDesc                       0x24000238   Data          67  usbd_cdc.o(.data)
    USBD_CDC_OtherSpeedCfgDesc               0x2400027c   Data          67  usbd_cdc.o(.data)
    bDeviceState                             0x240002c1   Data           1  usbd_conf.o(.data)
    VCP_Desc                                 0x240002c4   Data          28  usbd_desc.o(.data)
    USBD_DeviceDesc                          0x240002e0   Data          18  usbd_desc.o(.data)
    USBD_LangIDDesc                          0x240002f4   Data           4  usbd_desc.o(.data)
    USBD_StringSerial                        0x240002f8   Data          26  usbd_desc.o(.data)
    LineCoding                               0x24000314   Data           8  usbd_cdc_interface.o(.data)
    USB_USART_RX_STA                         0x2400031c   Data           2  usbd_cdc_interface.o(.data)
    USBD_CDC_fops                            0x24000320   Data          16  usbd_cdc_interface.o(.data)
    USBD_Device                              0x24000330   Data         548  main.o(.bss)
    g_adc_dma_buf                            0x24000554   Data          10  main.o(.bss)
    USART1_RX_BUF                            0x24000560   Data        1000  usart.o(.bss)
    UART1_Handler                            0x24000948   Data         128  usart.o(.bss)
    USART2_RX_BUF                            0x240009c8   Data        1000  usart.o(.bss)
    UART2_Handler                            0x24000db0   Data         128  usart.o(.bss)
    g_adc_handle                             0x24000e30   Data         100  adc.o(.bss)
    g_adc_dma_handle                         0x24000e94   Data         100  adc.o(.bss)
    g_dma_adc_handle                         0x24000ef8   Data         120  adc.o(.bss)
    adc                                      0x24000f70   Data        1024  btim.o(.bss)
    g_timx_handle                            0x24001370   Data          64  btim.o(.bss)
    TIM4_Handler                             0x240013b0   Data          64  usmart.o(.bss)
    mem1base                                 0x24001400   Data       163840  malloc.o(.bss)
    mem1mapbase                              0x24029400   Data       10240  malloc.o(.bss)
    hpcd                                     0x2402bc00   Data        1024  usbd_conf.o(.bss)
    USBD_StrDesc                             0x2402c000   Data         256  usbd_desc.o(.bss)
    USART_PRINTF_Buffer                      0x2402c100   Data         200  usbd_cdc_interface.o(.bss)
    USB_USART_RX_BUF                         0x2402c1c8   Data         200  usbd_cdc_interface.o(.bss)
    USBRxBuffer                              0x2402c290   Data         200  usbd_cdc_interface.o(.bss)
    __initial_sp                             0x2402d358   Data           0  startup_stm32h743xx.o(STACK)
    mem2base                                 0xc01f4000   Data       29605888  malloc.o(.ARM.__AT_0xC01F4000)
    mem2mapbase                              0xc1e30000   Data       1850368  malloc.o(.ARM.__AT_0xC1E30000)



==============================================================================

Memory Map of the image

  Image Entry point : 0x08000299

  Load Region LR_IROM1 (Base: 0x08000000, Size: 0x0000c5c4, Max: 0x00200000, ABSOLUTE, COMPRESSED[0x0000c3dc])

    Execution Region ER_IROM1 (Exec base: 0x08000000, Load base: 0x08000000, Size: 0x0000c294, Max: 0x00200000, ABSOLUTE)

    Exec Addr    Load Addr    Size         Type   Attr      Idx    E Section Name        Object

    0x08000000   0x08000000   0x00000298   Data   RO          407    RESET               startup_stm32h743xx.o
    0x08000298   0x08000298   0x00000000   Code   RO         8566  * .ARM.Collect$$$$00000000  mc_w.l(entry.o)
    0x08000298   0x08000298   0x00000004   Code   RO         8840    .ARM.Collect$$$$00000001  mc_w.l(entry2.o)
    0x0800029c   0x0800029c   0x00000004   Code   RO         8843    .ARM.Collect$$$$00000004  mc_w.l(entry5.o)
    0x080002a0   0x080002a0   0x00000000   Code   RO         8845    .ARM.Collect$$$$00000008  mc_w.l(entry7b.o)
    0x080002a0   0x080002a0   0x00000000   Code   RO         8847    .ARM.Collect$$$$0000000A  mc_w.l(entry8b.o)
    0x080002a0   0x080002a0   0x00000008   Code   RO         8848    .ARM.Collect$$$$0000000B  mc_w.l(entry9a.o)
    0x080002a8   0x080002a8   0x00000004   Code   RO         8855    .ARM.Collect$$$$0000000E  mc_w.l(entry12b.o)
    0x080002ac   0x080002ac   0x00000000   Code   RO         8850    .ARM.Collect$$$$0000000F  mc_w.l(entry10a.o)
    0x080002ac   0x080002ac   0x00000000   Code   RO         8852    .ARM.Collect$$$$00000011  mc_w.l(entry11a.o)
    0x080002ac   0x080002ac   0x00000004   Code   RO         8841    .ARM.Collect$$$$00002712  mc_w.l(entry2.o)
    0x080002b0   0x080002b0   0x00000024   Code   RO          408    .text               startup_stm32h743xx.o
    0x080002d4   0x080002d4   0x00000062   Code   RO         8569    .text               mc_w.l(uldiv.o)
    0x08000336   0x08000336   0x00000024   Code   RO         8571    .text               mc_w.l(memcpya.o)
    0x0800035a   0x0800035a   0x00000024   Code   RO         8573    .text               mc_w.l(memseta.o)
    0x0800037e   0x0800037e   0x0000000e   Code   RO         8575    .text               mc_w.l(strlen.o)
    0x0800038c   0x0800038c   0x0000002c   Code   RO         8856    .text               mc_w.l(uidiv.o)
    0x080003b8   0x080003b8   0x0000001e   Code   RO         8858    .text               mc_w.l(llshl.o)
    0x080003d6   0x080003d6   0x00000020   Code   RO         8860    .text               mc_w.l(llushr.o)
    0x080003f6   0x080003f6   0x00000000   Code   RO         8862    .text               mc_w.l(iusefp.o)
    0x080003f6   0x080003f6   0x0000014e   Code   RO         8863    .text               mf_w.l(dadd.o)
    0x08000544   0x08000544   0x000000e4   Code   RO         8865    .text               mf_w.l(dmul.o)
    0x08000628   0x08000628   0x000000de   Code   RO         8867    .text               mf_w.l(ddiv.o)
    0x08000706   0x08000706   0x00000030   Code   RO         8869    .text               mf_w.l(dfixul.o)
    0x08000736   0x08000736   0x00000002   PAD
    0x08000738   0x08000738   0x00000030   Code   RO         8871    .text               mf_w.l(cdrcmple.o)
    0x08000768   0x08000768   0x00000024   Code   RO         8873    .text               mc_w.l(init.o)
    0x0800078c   0x0800078c   0x00000024   Code   RO         8875    .text               mc_w.l(llsshr.o)
    0x080007b0   0x080007b0   0x000000ba   Code   RO         8877    .text               mf_w.l(depilogue.o)
    0x0800086a   0x0800086a   0x00000056   Code   RO         8887    .text               mc_w.l(__dczerorl2.o)
    0x080008c0   0x080008c0   0x0000008a   Code   RO         6278    i.ADC_DMAConvCplt   stm32h7xx_hal_adc.o
    0x0800094a   0x0800094a   0x0000001e   Code   RO         6279    i.ADC_DMAError      stm32h7xx_hal_adc.o
    0x08000968   0x08000968   0x0000000e   Code   RO         6280    i.ADC_DMAHalfConvCplt  stm32h7xx_hal_adc.o
    0x08000976   0x08000976   0x00000098   Code   RO         6281    i.ADC_Disable       stm32h7xx_hal_adc.o
    0x08000a0e   0x08000a0e   0x00000002   PAD
    0x08000a10   0x08000a10   0x000000a0   Code   RO         6282    i.ADC_Enable        stm32h7xx_hal_adc.o
    0x08000ab0   0x08000ab0   0x00000004   Code   RO          259    i.BusFault_Handler  stm32h7xx_it.o
    0x08000ab4   0x08000ab4   0x00000134   Code   RO         8488    i.CDC_Itf_Control   usbd_cdc_interface.o
    0x08000be8   0x08000be8   0x00000004   Code   RO         8489    i.CDC_Itf_DeInit    usbd_cdc_interface.o
    0x08000bec   0x08000bec   0x00000018   Code   RO         8490    i.CDC_Itf_Init      usbd_cdc_interface.o
    0x08000c04   0x08000c04   0x00000024   Code   RO         8491    i.CDC_Itf_Receive   usbd_cdc_interface.o
    0x08000c28   0x08000c28   0x0000001c   Code   RO          455    i.Cache_Enable      sys.o
    0x08000c44   0x08000c44   0x00000030   Code   RO         7206    i.DMA2_Stream4_IRQHandler  adc.o
    0x08000c74   0x08000c74   0x00000034   Code   RO         1051    i.DMA_CalcBaseAndBitshift  stm32h7xx_hal_dma.o
    0x08000ca8   0x08000ca8   0x00000074   Code   RO         1052    i.DMA_CalcDMAMUXChannelBaseAndMask  stm32h7xx_hal_dma.o
    0x08000d1c   0x08000d1c   0x00000054   Code   RO         1053    i.DMA_CalcDMAMUXRequestGenBaseAndMask  stm32h7xx_hal_dma.o
    0x08000d70   0x08000d70   0x000000ae   Code   RO         1054    i.DMA_CheckFifoParam  stm32h7xx_hal_dma.o
    0x08000e1e   0x08000e1e   0x00000002   PAD
    0x08000e20   0x08000e20   0x000000b4   Code   RO         1055    i.DMA_SetConfig     stm32h7xx_hal_dma.o
    0x08000ed4   0x08000ed4   0x00000002   Code   RO          260    i.DebugMon_Handler  stm32h7xx_it.o
    0x08000ed6   0x08000ed6   0x00000002   PAD
    0x08000ed8   0x08000ed8   0x00000028   Code   RO         8410    i.Get_SerialNum     usbd_desc.o
    0x08000f00   0x08000f00   0x000000bc   Code   RO         6467    i.HAL_ADCEx_Calibration_Start  stm32h7xx_hal_adc_ex.o
    0x08000fbc   0x08000fbc   0x000006d8   Code   RO         6284    i.HAL_ADC_ConfigChannel  stm32h7xx_hal_adc.o
    0x08001694   0x08001694   0x00000002   Code   RO         6285    i.HAL_ADC_ConvCpltCallback  stm32h7xx_hal_adc.o
    0x08001696   0x08001696   0x00000002   Code   RO         6286    i.HAL_ADC_ConvHalfCpltCallback  stm32h7xx_hal_adc.o
    0x08001698   0x08001698   0x00000002   Code   RO         6288    i.HAL_ADC_ErrorCallback  stm32h7xx_hal_adc.o
    0x0800169a   0x0800169a   0x00000002   PAD
    0x0800169c   0x0800169c   0x00000358   Code   RO         6293    i.HAL_ADC_Init      stm32h7xx_hal_adc.o
    0x080019f4   0x080019f4   0x0000008c   Code   RO         7207    i.HAL_ADC_MspInit   adc.o
    0x08001a80   0x08001a80   0x00000154   Code   RO         6300    i.HAL_ADC_Start_DMA  stm32h7xx_hal_adc.o
    0x08001bd4   0x08001bd4   0x000000f8   Code   RO         1057    i.HAL_DMA_Abort_IT  stm32h7xx_hal_dma.o
    0x08001ccc   0x08001ccc   0x00000210   Code   RO         1062    i.HAL_DMA_Init      stm32h7xx_hal_dma.o
    0x08001edc   0x08001edc   0x00000150   Code   RO         1066    i.HAL_DMA_Start_IT  stm32h7xx_hal_dma.o
    0x0800202c   0x0800202c   0x00000028   Code   RO          607    i.HAL_Delay         stm32h7xx_hal.o
    0x08002054   0x08002054   0x00000014   Code   RO          616    i.HAL_EnableCompensationCell  stm32h7xx_hal.o
    0x08002068   0x08002068   0x0000024c   Code   RO         1244    i.HAL_GPIO_Init     stm32h7xx_hal_gpio.o
    0x080022b4   0x080022b4   0x00000010   Code   RO         1246    i.HAL_GPIO_ReadPin  stm32h7xx_hal_gpio.o
    0x080022c4   0x080022c4   0x00000008   Code   RO         1247    i.HAL_GPIO_TogglePin  stm32h7xx_hal_gpio.o
    0x080022cc   0x080022cc   0x0000000a   Code   RO         1248    i.HAL_GPIO_WritePin  stm32h7xx_hal_gpio.o
    0x080022d6   0x080022d6   0x00000002   PAD
    0x080022d8   0x080022d8   0x0000000c   Code   RO          623    i.HAL_GetTick       stm32h7xx_hal.o
    0x080022e4   0x080022e4   0x00000018   Code   RO          626    i.HAL_IncTick       stm32h7xx_hal.o
    0x080022fc   0x080022fc   0x0000001c   Code   RO          627    i.HAL_Init          stm32h7xx_hal.o
    0x08002318   0x08002318   0x0000004c   Code   RO          628    i.HAL_InitTick      stm32h7xx_hal.o
    0x08002364   0x08002364   0x0000005c   Code   RO          916    i.HAL_MPU_ConfigRegion  stm32h7xx_hal_cortex.o
    0x080023c0   0x080023c0   0x00000024   Code   RO         6900    i.HAL_MPU_Disable   mpu.o
    0x080023e4   0x080023e4   0x00000020   Code   RO         6901    i.HAL_MPU_Enable    mpu.o
    0x08002404   0x08002404   0x00000002   Code   RO          377    i.HAL_MspInit       stm32h7xx_hal_msp.o
    0x08002406   0x08002406   0x00000020   Code   RO          919    i.HAL_NVIC_EnableIRQ  stm32h7xx_hal_cortex.o
    0x08002426   0x08002426   0x0000007c   Code   RO          925    i.HAL_NVIC_SetPriority  stm32h7xx_hal_cortex.o
    0x080024a2   0x080024a2   0x00000002   PAD
    0x080024a4   0x080024a4   0x00000028   Code   RO          926    i.HAL_NVIC_SetPriorityGrouping  stm32h7xx_hal_cortex.o
    0x080024cc   0x080024cc   0x0000001e   Code   RO         5387    i.HAL_PCDEx_ActivateBCD  stm32h7xx_hal_pcd_ex.o
    0x080024ea   0x080024ea   0x00000002   PAD
    0x080024ec   0x080024ec   0x00000028   Code   RO         5388    i.HAL_PCDEx_ActivateLPM  stm32h7xx_hal_pcd_ex.o
    0x08002514   0x08002514   0x00000002   Code   RO         5393    i.HAL_PCDEx_LPM_Callback  stm32h7xx_hal_pcd_ex.o
    0x08002516   0x08002516   0x0000000a   Code   RO         5394    i.HAL_PCDEx_SetRxFiFo  stm32h7xx_hal_pcd_ex.o
    0x08002520   0x08002520   0x00000052   Code   RO         5395    i.HAL_PCDEx_SetTxFiFo  stm32h7xx_hal_pcd_ex.o
    0x08002572   0x08002572   0x00000002   PAD
    0x08002574   0x08002574   0x00000018   Code   RO         8216    i.HAL_PCD_ConnectCallback  usbd_conf.o
    0x0800258c   0x0800258c   0x00000020   Code   RO         8217    i.HAL_PCD_DataInStageCallback  usbd_conf.o
    0x080025ac   0x080025ac   0x00000020   Code   RO         8218    i.HAL_PCD_DataOutStageCallback  usbd_conf.o
    0x080025cc   0x080025cc   0x0000003c   Code   RO         8219    i.HAL_PCD_DisconnectCallback  usbd_conf.o
    0x08002608   0x08002608   0x0000006c   Code   RO         5179    i.HAL_PCD_EP_Close  stm32h7xx_hal_pcd.o
    0x08002674   0x08002674   0x0000006a   Code   RO         5180    i.HAL_PCD_EP_ClrStall  stm32h7xx_hal_pcd.o
    0x080026de   0x080026de   0x00000018   Code   RO         5182    i.HAL_PCD_EP_GetRxCount  stm32h7xx_hal_pcd.o
    0x080026f6   0x080026f6   0x0000008e   Code   RO         5183    i.HAL_PCD_EP_Open   stm32h7xx_hal_pcd.o
    0x08002784   0x08002784   0x0000005a   Code   RO         5184    i.HAL_PCD_EP_Receive  stm32h7xx_hal_pcd.o
    0x080027de   0x080027de   0x0000007c   Code   RO         5185    i.HAL_PCD_EP_SetStall  stm32h7xx_hal_pcd.o
    0x0800285a   0x0800285a   0x0000005c   Code   RO         5186    i.HAL_PCD_EP_Transmit  stm32h7xx_hal_pcd.o
    0x080028b6   0x080028b6   0x00000002   PAD
    0x080028b8   0x080028b8   0x00000730   Code   RO         5188    i.HAL_PCD_IRQHandler  stm32h7xx_hal_pcd.o
    0x08002fe8   0x08002fe8   0x00000012   Code   RO         8220    i.HAL_PCD_ISOINIncompleteCallback  usbd_conf.o
    0x08002ffa   0x08002ffa   0x00000012   Code   RO         8221    i.HAL_PCD_ISOOUTIncompleteCallback  usbd_conf.o
    0x0800300c   0x0800300c   0x0000015a   Code   RO         5191    i.HAL_PCD_Init      stm32h7xx_hal_pcd.o
    0x08003166   0x08003166   0x00000002   PAD
    0x08003168   0x08003168   0x000000a8   Code   RO         8222    i.HAL_PCD_MspInit   usbd_conf.o
    0x08003210   0x08003210   0x00000098   Code   RO         8223    i.HAL_PCD_ResetCallback  usbd_conf.o
    0x080032a8   0x080032a8   0x00000028   Code   RO         8224    i.HAL_PCD_ResumeCallback  usbd_conf.o
    0x080032d0   0x080032d0   0x0000000e   Code   RO         8225    i.HAL_PCD_SOFCallback  usbd_conf.o
    0x080032de   0x080032de   0x00000032   Code   RO         5197    i.HAL_PCD_SetAddress  stm32h7xx_hal_pcd.o
    0x08003310   0x08003310   0x00000012   Code   RO         8226    i.HAL_PCD_SetupStageCallback  usbd_conf.o
    0x08003322   0x08003322   0x00000014   Code   RO         5199    i.HAL_PCD_Start     stm32h7xx_hal_pcd.o
    0x08003336   0x08003336   0x00000002   PAD
    0x08003338   0x08003338   0x0000003c   Code   RO         8227    i.HAL_PCD_SuspendCallback  usbd_conf.o
    0x08003374   0x08003374   0x00000014   Code   RO         1452    i.HAL_PWREx_EnableUSBVoltageDetector  stm32h7xx_hal_pwr_ex.o
    0x08003388   0x08003388   0x00000038   Code   RO         1795    i.HAL_RCCEx_GetD1SysClockFreq  stm32h7xx_hal_rcc_ex.o
    0x080033c0   0x080033c0   0x0000002c   Code   RO         1796    i.HAL_RCCEx_GetD3PCLK1Freq  stm32h7xx_hal_rcc_ex.o
    0x080033ec   0x080033ec   0x0000022c   Code   RO         1798    i.HAL_RCCEx_GetPLL2ClockFreq  stm32h7xx_hal_rcc_ex.o
    0x08003618   0x08003618   0x0000022c   Code   RO         1799    i.HAL_RCCEx_GetPLL3ClockFreq  stm32h7xx_hal_rcc_ex.o
    0x08003844   0x08003844   0x00000c88   Code   RO         1803    i.HAL_RCCEx_PeriphCLKConfig  stm32h7xx_hal_rcc_ex.o
    0x080044cc   0x080044cc   0x00000250   Code   RO         1686    i.HAL_RCC_ClockConfig  stm32h7xx_hal_rcc.o
    0x0800471c   0x0800471c   0x00000038   Code   RO         1690    i.HAL_RCC_GetHCLKFreq  stm32h7xx_hal_rcc.o
    0x08004754   0x08004754   0x0000002c   Code   RO         1692    i.HAL_RCC_GetPCLK1Freq  stm32h7xx_hal_rcc.o
    0x08004780   0x08004780   0x0000002c   Code   RO         1693    i.HAL_RCC_GetPCLK2Freq  stm32h7xx_hal_rcc.o
    0x080047ac   0x080047ac   0x00000244   Code   RO         1694    i.HAL_RCC_GetSysClockFreq  stm32h7xx_hal_rcc.o
    0x080049f0   0x080049f0   0x000006c4   Code   RO         1697    i.HAL_RCC_OscConfig  stm32h7xx_hal_rcc.o
    0x080050b4   0x080050b4   0x00000028   Code   RO          928    i.HAL_SYSTICK_CLKSourceConfig  stm32h7xx_hal_cortex.o
    0x080050dc   0x080050dc   0x00000034   Code   RO          930    i.HAL_SYSTICK_Config  stm32h7xx_hal_cortex.o
    0x08005110   0x08005110   0x00000002   Code   RO         3042    i.HAL_TIMEx_BreakCallback  stm32h7xx_hal_tim_ex.o
    0x08005112   0x08005112   0x00000002   Code   RO         3043    i.HAL_TIMEx_CommutationCallback  stm32h7xx_hal_tim_ex.o
    0x08005114   0x08005114   0x00000034   Code   RO         2387    i.HAL_TIM_Base_Init  stm32h7xx_hal_tim.o
    0x08005148   0x08005148   0x00000048   Code   RO         7461    i.HAL_TIM_Base_MspInit  btim.o
    0x08005190   0x08005190   0x0000001e   Code   RO         2392    i.HAL_TIM_Base_Start_IT  stm32h7xx_hal_tim.o
    0x080051ae   0x080051ae   0x00000002   Code   RO         2416    i.HAL_TIM_IC_CaptureCallback  stm32h7xx_hal_tim.o
    0x080051b0   0x080051b0   0x000001b8   Code   RO         2429    i.HAL_TIM_IRQHandler  stm32h7xx_hal_tim.o
    0x08005368   0x08005368   0x00000002   Code   RO         2432    i.HAL_TIM_OC_DelayElapsedCallback  stm32h7xx_hal_tim.o
    0x0800536a   0x0800536a   0x00000002   Code   RO         2459    i.HAL_TIM_PWM_PulseFinishedCallback  stm32h7xx_hal_tim.o
    0x0800536c   0x0800536c   0x000006bc   Code   RO         7462    i.HAL_TIM_PeriodElapsedCallback  btim.o
    0x08005a28   0x08005a28   0x00000002   Code   RO         2470    i.HAL_TIM_TriggerCallback  stm32h7xx_hal_tim.o
    0x08005a2a   0x08005a2a   0x00000002   Code   RO         2309    i.HAL_UARTEx_WakeupCallback  stm32h7xx_hal_uart_ex.o
    0x08005a2c   0x08005a2c   0x00000002   Code   RO         1973    i.HAL_UART_ErrorCallback  stm32h7xx_hal_uart.o
    0x08005a2e   0x08005a2e   0x00000014   Code   RO         1975    i.HAL_UART_GetState  stm32h7xx_hal_uart.o
    0x08005a42   0x08005a42   0x00000002   PAD
    0x08005a44   0x08005a44   0x000001bc   Code   RO         1976    i.HAL_UART_IRQHandler  stm32h7xx_hal_uart.o
    0x08005c00   0x08005c00   0x00000078   Code   RO         1977    i.HAL_UART_Init     stm32h7xx_hal_uart.o
    0x08005c78   0x08005c78   0x00000002   Code   RO          522    i.HAL_UART_MspInit  usart.o
    0x08005c7a   0x08005c7a   0x000000e0   Code   RO         1982    i.HAL_UART_Receive_IT  stm32h7xx_hal_uart.o
    0x08005d5a   0x08005d5a   0x00000002   PAD
    0x08005d5c   0x08005d5c   0x000000f8   Code   RO          523    i.HAL_UART_RxCpltCallback  usart.o
    0x08005e54   0x08005e54   0x000000c6   Code   RO         1985    i.HAL_UART_Transmit  stm32h7xx_hal_uart.o
    0x08005f1a   0x08005f1a   0x00000002   Code   RO         1988    i.HAL_UART_TxCpltCallback  stm32h7xx_hal_uart.o
    0x08005f1c   0x08005f1c   0x00000004   Code   RO          261    i.HardFault_Handler  stm32h7xx_it.o
    0x08005f20   0x08005f20   0x00000054   Code   RO         7393    i.IIC_Ack           myiic.o
    0x08005f74   0x08005f74   0x00000054   Code   RO         7395    i.IIC_NAck          myiic.o
    0x08005fc8   0x08005fc8   0x0000006c   Code   RO         7396    i.IIC_Read_Byte     myiic.o
    0x08006034   0x08006034   0x0000007c   Code   RO         7397    i.IIC_Send_Byte     myiic.o
    0x080060b0   0x080060b0   0x00000054   Code   RO         7398    i.IIC_Start         myiic.o
    0x08006104   0x08006104   0x00000054   Code   RO         7399    i.IIC_Stop          myiic.o
    0x08006158   0x08006158   0x00000068   Code   RO         7400    i.IIC_Wait_Ack      myiic.o
    0x080061c0   0x080061c0   0x0000003e   Code   RO         8411    i.IntToUnicode      usbd_desc.o
    0x080061fe   0x080061fe   0x00000002   PAD
    0x08006200   0x08006200   0x000000a4   Code   RO         6659    i.LED_Init          led.o
    0x080062a4   0x080062a4   0x00000034   Code   RO         6902    i.MPU_Memory_Protection  mpu.o
    0x080062d8   0x080062d8   0x0000005c   Code   RO         6903    i.MPU_Set_Protection  mpu.o
    0x08006334   0x08006334   0x0000005e   Code   RO         6904    i.MPU_Set_SRAMProtection  mpu.o
    0x08006392   0x08006392   0x00000004   Code   RO          262    i.MemManage_Handler  stm32h7xx_it.o
    0x08006396   0x08006396   0x00000002   Code   RO          263    i.NMI_Handler       stm32h7xx_it.o
    0x08006398   0x08006398   0x00000010   Code   RO         8228    i.OTG_FS_IRQHandler  usbd_conf.o
    0x080063a8   0x080063a8   0x000000b4   Code   RO         5202    i.PCD_WriteEmptyTxFifo  stm32h7xx_hal_pcd.o
    0x0800645c   0x0800645c   0x00000022   Code   RO         6784    i.PCF8574_ReadOneByte  pcf8574.o
    0x0800647e   0x0800647e   0x00000026   Code   RO         6785    i.PCF8574_WriteBit  pcf8574.o
    0x080064a4   0x080064a4   0x00000028   Code   RO         6786    i.PCF8574_WriteOneByte  pcf8574.o
    0x080064cc   0x080064cc   0x00000002   Code   RO          264    i.PendSV_Handler    stm32h7xx_it.o
    0x080064ce   0x080064ce   0x00000002   PAD
    0x080064d0   0x080064d0   0x000000f8   Code   RO         1806    i.RCCEx_PLL2_Config  stm32h7xx_hal_rcc_ex.o
    0x080065c8   0x080065c8   0x000000f8   Code   RO         1807    i.RCCEx_PLL3_Config  stm32h7xx_hal_rcc_ex.o
    0x080066c0   0x080066c0   0x0000004c   Code   RO         8492    i.SCB_CleanDCache_by_Addr  usbd_cdc_interface.o
    0x0800670c   0x0800670c   0x0000009c   Code   RO          458    i.SCB_EnableDCache  sys.o
    0x080067a8   0x080067a8   0x0000007c   Code   RO          459    i.SCB_EnableICache  sys.o
    0x08006824   0x08006824   0x0000007c   Code   RO         7463    i.SCB_InvalidateDCache  btim.o
    0x080068a0   0x080068a0   0x00000002   Code   RO          265    i.SVC_Handler       stm32h7xx_it.o
    0x080068a2   0x080068a2   0x00000002   PAD
    0x080068a4   0x080068a4   0x00000100   Code   RO          460    i.Stm32_Clock_Init  sys.o
    0x080069a4   0x080069a4   0x00000008   Code   RO          266    i.SysTick_Handler   stm32h7xx_it.o
    0x080069ac   0x080069ac   0x00000094   Code   RO          340    i.SystemInit        system_stm32h7xx.o
    0x08006a40   0x08006a40   0x00000044   Code   RO         7518    i.TIM4_IRQHandler   usmart.o
    0x08006a84   0x08006a84   0x00000010   Code   RO         7464    i.TIM6_DAC_IRQHandler  btim.o
    0x08006a94   0x08006a94   0x000000cc   Code   RO         2471    i.TIM_Base_SetConfig  stm32h7xx_hal_tim.o
    0x08006b60   0x08006b60   0x0000005c   Code   RO         7519    i.Timer4_Init       usmart.o
    0x08006bbc   0x08006bbc   0x000000ea   Code   RO         1990    i.UART_AdvFeatureConfig  stm32h7xx_hal_uart.o
    0x08006ca6   0x08006ca6   0x00000074   Code   RO         1991    i.UART_CheckIdleState  stm32h7xx_hal_uart.o
    0x08006d1a   0x08006d1a   0x00000018   Code   RO         1992    i.UART_DMAAbortOnError  stm32h7xx_hal_uart.o
    0x08006d32   0x08006d32   0x00000020   Code   RO         2002    i.UART_EndRxTransfer  stm32h7xx_hal_uart.o
    0x08006d52   0x08006d52   0x00000020   Code   RO         2003    i.UART_EndTransmit_IT  stm32h7xx_hal_uart.o
    0x08006d72   0x08006d72   0x0000008a   Code   RO         2005    i.UART_Receive_IT   stm32h7xx_hal_uart.o
    0x08006dfc   0x08006dfc   0x000009a4   Code   RO         2006    i.UART_SetConfig    stm32h7xx_hal_uart.o
    0x080077a0   0x080077a0   0x00000082   Code   RO         2007    i.UART_Transmit_IT  stm32h7xx_hal_uart.o
    0x08007822   0x08007822   0x0000006c   Code   RO         2008    i.UART_WaitOnFlagUntilTimeout  stm32h7xx_hal_uart.o
    0x0800788e   0x0800788e   0x00000002   PAD
    0x08007890   0x08007890   0x00000050   Code   RO          524    i.USART1_IRQHandler  usart.o
    0x080078e0   0x080078e0   0x00000050   Code   RO          525    i.USART2_IRQHandler  usart.o
    0x08007930   0x08007930   0x0000001a   Code   RO         7811    i.USBD_CDC_DataIn   usbd_cdc.o
    0x0800794a   0x0800794a   0x00000034   Code   RO         7812    i.USBD_CDC_DataOut  usbd_cdc.o
    0x0800797e   0x0800797e   0x00000042   Code   RO         7813    i.USBD_CDC_DeInit   usbd_cdc.o
    0x080079c0   0x080079c0   0x00000032   Code   RO         7814    i.USBD_CDC_EP0_RxReady  usbd_cdc.o
    0x080079f2   0x080079f2   0x00000002   PAD
    0x080079f4   0x080079f4   0x00000010   Code   RO         7815    i.USBD_CDC_GetDeviceQualifierDescriptor  usbd_cdc.o
    0x08007a04   0x08007a04   0x00000010   Code   RO         7816    i.USBD_CDC_GetFSCfgDesc  usbd_cdc.o
    0x08007a14   0x08007a14   0x00000010   Code   RO         7817    i.USBD_CDC_GetHSCfgDesc  usbd_cdc.o
    0x08007a24   0x08007a24   0x00000010   Code   RO         7818    i.USBD_CDC_GetOtherSpeedCfgDesc  usbd_cdc.o
    0x08007a34   0x08007a34   0x000000a8   Code   RO         7819    i.USBD_CDC_Init     usbd_cdc.o
    0x08007adc   0x08007adc   0x0000003a   Code   RO         7820    i.USBD_CDC_ReceivePacket  usbd_cdc.o
    0x08007b16   0x08007b16   0x0000000e   Code   RO         7821    i.USBD_CDC_RegisterInterface  usbd_cdc.o
    0x08007b24   0x08007b24   0x0000000e   Code   RO         7822    i.USBD_CDC_SetRxBuffer  usbd_cdc.o
    0x08007b32   0x08007b32   0x00000014   Code   RO         7823    i.USBD_CDC_SetTxBuffer  usbd_cdc.o
    0x08007b46   0x08007b46   0x00000002   PAD
    0x08007b48   0x08007b48   0x00000090   Code   RO         7824    i.USBD_CDC_Setup    usbd_cdc.o
    0x08007bd8   0x08007bd8   0x00000038   Code   RO         7825    i.USBD_CDC_TransmitPacket  usbd_cdc.o
    0x08007c10   0x08007c10   0x00000016   Code   RO         7917    i.USBD_ClrClassConfig  usbd_core.o
    0x08007c26   0x08007c26   0x00000044   Code   RO         8057    i.USBD_ClrFeature   usbd_ctlreq.o
    0x08007c6a   0x08007c6a   0x00000018   Code   RO         8154    i.USBD_CtlContinueRx  usbd_ioreq.o
    0x08007c82   0x08007c82   0x00000018   Code   RO         8155    i.USBD_CtlContinueSendData  usbd_ioreq.o
    0x08007c9a   0x08007c9a   0x00000018   Code   RO         8058    i.USBD_CtlError     usbd_ctlreq.o
    0x08007cb2   0x08007cb2   0x00000028   Code   RO         8156    i.USBD_CtlPrepareRx  usbd_ioreq.o
    0x08007cda   0x08007cda   0x0000001a   Code   RO         8157    i.USBD_CtlReceiveStatus  usbd_ioreq.o
    0x08007cf4   0x08007cf4   0x00000022   Code   RO         8158    i.USBD_CtlSendData  usbd_ioreq.o
    0x08007d16   0x08007d16   0x0000001a   Code   RO         8159    i.USBD_CtlSendStatus  usbd_ioreq.o
    0x08007d30   0x08007d30   0x00000050   Code   RO         8059    i.USBD_GetConfig    usbd_ctlreq.o
    0x08007d80   0x08007d80   0x00000148   Code   RO         8060    i.USBD_GetDescriptor  usbd_ctlreq.o
    0x08007ec8   0x08007ec8   0x00000014   Code   RO         8061    i.USBD_GetLen       usbd_ctlreq.o
    0x08007edc   0x08007edc   0x00000044   Code   RO         8062    i.USBD_GetStatus    usbd_ctlreq.o
    0x08007f20   0x08007f20   0x00000052   Code   RO         8063    i.USBD_GetString    usbd_ctlreq.o
    0x08007f72   0x08007f72   0x00000032   Code   RO         7919    i.USBD_Init         usbd_core.o
    0x08007fa4   0x08007fa4   0x00000014   Code   RO         8229    i.USBD_LL_ClearStallEP  usbd_conf.o
    0x08007fb8   0x08007fb8   0x00000014   Code   RO         8230    i.USBD_LL_CloseEP   usbd_conf.o
    0x08007fcc   0x08007fcc   0x000000da   Code   RO         7920    i.USBD_LL_DataInStage  usbd_core.o
    0x080080a6   0x080080a6   0x00000086   Code   RO         7921    i.USBD_LL_DataOutStage  usbd_core.o
    0x0800812c   0x0800812c   0x00000006   Code   RO         7922    i.USBD_LL_DevConnected  usbd_core.o
    0x08008132   0x08008132   0x0000001a   Code   RO         7923    i.USBD_LL_DevDisconnected  usbd_core.o
    0x0800814c   0x0800814c   0x00000012   Code   RO         8234    i.USBD_LL_GetRxDataSize  usbd_conf.o
    0x0800815e   0x0800815e   0x00000002   PAD
    0x08008160   0x08008160   0x00000064   Code   RO         8235    i.USBD_LL_Init      usbd_conf.o
    0x080081c4   0x080081c4   0x00000038   Code   RO         8236    i.USBD_LL_IsStallEP  usbd_conf.o
    0x080081fc   0x080081fc   0x00000006   Code   RO         7924    i.USBD_LL_IsoINIncomplete  usbd_core.o
    0x08008202   0x08008202   0x00000006   Code   RO         7925    i.USBD_LL_IsoOUTIncomplete  usbd_core.o
    0x08008208   0x08008208   0x00000020   Code   RO         8237    i.USBD_LL_OpenEP    usbd_conf.o
    0x08008228   0x08008228   0x00000020   Code   RO         8238    i.USBD_LL_PrepareReceive  usbd_conf.o
    0x08008248   0x08008248   0x00000044   Code   RO         7926    i.USBD_LL_Reset     usbd_core.o
    0x0800828c   0x0800828c   0x0000000e   Code   RO         7927    i.USBD_LL_Resume    usbd_core.o
    0x0800829a   0x0800829a   0x00000022   Code   RO         7928    i.USBD_LL_SOF       usbd_core.o
    0x080082bc   0x080082bc   0x00000008   Code   RO         7929    i.USBD_LL_SetSpeed  usbd_core.o
    0x080082c4   0x080082c4   0x00000020   Code   RO         8239    i.USBD_LL_SetUSBAddress  usbd_conf.o
    0x080082e4   0x080082e4   0x0000006e   Code   RO         7930    i.USBD_LL_SetupStage  usbd_core.o
    0x08008352   0x08008352   0x00000014   Code   RO         8240    i.USBD_LL_StallEP   usbd_conf.o
    0x08008366   0x08008366   0x00000010   Code   RO         8241    i.USBD_LL_Start     usbd_conf.o
    0x08008376   0x08008376   0x00000014   Code   RO         7931    i.USBD_LL_Suspend   usbd_core.o
    0x0800838a   0x0800838a   0x00000020   Code   RO         8243    i.USBD_LL_Transmit  usbd_conf.o
    0x080083aa   0x080083aa   0x00000028   Code   RO         8064    i.USBD_ParseSetupRequest  usbd_ctlreq.o
    0x080083d2   0x080083d2   0x00000010   Code   RO         7932    i.USBD_RegisterClass  usbd_core.o
    0x080083e2   0x080083e2   0x00000006   Code   RO         7933    i.USBD_RunTestMode  usbd_core.o
    0x080083e8   0x080083e8   0x00000054   Code   RO         8065    i.USBD_SetAddress   usbd_ctlreq.o
    0x0800843c   0x0800843c   0x00000022   Code   RO         7934    i.USBD_SetClassConfig  usbd_core.o
    0x0800845e   0x0800845e   0x00000002   PAD
    0x08008460   0x08008460   0x000000e0   Code   RO         8066    i.USBD_SetConfig    usbd_ctlreq.o
    0x08008540   0x08008540   0x00000024   Code   RO         8067    i.USBD_SetFeature   usbd_ctlreq.o
    0x08008564   0x08008564   0x0000000e   Code   RO         7935    i.USBD_Start        usbd_core.o
    0x08008572   0x08008572   0x00000072   Code   RO         8068    i.USBD_StdDevReq    usbd_ctlreq.o
    0x080085e4   0x080085e4   0x00000156   Code   RO         8069    i.USBD_StdEPReq     usbd_ctlreq.o
    0x0800873a   0x0800873a   0x0000004a   Code   RO         8070    i.USBD_StdItfReq    usbd_ctlreq.o
    0x08008784   0x08008784   0x00000034   Code   RO         8412    i.USBD_VCP_ConfigStrDescriptor  usbd_desc.o
    0x080087b8   0x080087b8   0x00000010   Code   RO         8413    i.USBD_VCP_DeviceDescriptor  usbd_desc.o
    0x080087c8   0x080087c8   0x00000038   Code   RO         8414    i.USBD_VCP_InterfaceStrDescriptor  usbd_desc.o
    0x08008800   0x08008800   0x00000010   Code   RO         8415    i.USBD_VCP_LangIDStrDescriptor  usbd_desc.o
    0x08008810   0x08008810   0x0000002c   Code   RO         8416    i.USBD_VCP_ManufacturerStrDescriptor  usbd_desc.o
    0x0800883c   0x0800883c   0x00000070   Code   RO         8417    i.USBD_VCP_ProductStrDescriptor  usbd_desc.o
    0x080088ac   0x080088ac   0x00000018   Code   RO         8418    i.USBD_VCP_SerialStrDescriptor  usbd_desc.o
    0x080088c4   0x080088c4   0x000000c4   Code   RO         5462    i.USB_ActivateEndpoint  stm32h7xx_ll_usb.o
    0x08008988   0x08008988   0x00000044   Code   RO         5463    i.USB_ActivateSetup  stm32h7xx_ll_usb.o
    0x080089cc   0x080089cc   0x00000070   Code   RO         5465    i.USB_CoreInit      stm32h7xx_ll_usb.o
    0x08008a3c   0x08008a3c   0x0000004c   Code   RO         5466    i.USB_CoreReset     stm32h7xx_ll_usb.o
    0x08008a88   0x08008a88   0x000000a8   Code   RO         5468    i.USB_DeactivateEndpoint  stm32h7xx_ll_usb.o
    0x08008b30   0x08008b30   0x0000001e   Code   RO         5469    i.USB_DevConnect    stm32h7xx_ll_usb.o
    0x08008b4e   0x08008b4e   0x0000001e   Code   RO         5470    i.USB_DevDisconnect  stm32h7xx_ll_usb.o
    0x08008b6c   0x08008b6c   0x000001ac   Code   RO         5471    i.USB_DevInit       stm32h7xx_ll_usb.o
    0x08008d18   0x08008d18   0x0000000e   Code   RO         5472    i.USB_DisableGlobalInt  stm32h7xx_ll_usb.o
    0x08008d26   0x08008d26   0x00000002   PAD
    0x08008d28   0x08008d28   0x000001b0   Code   RO         5475    i.USB_EP0StartXfer  stm32h7xx_ll_usb.o
    0x08008ed8   0x08008ed8   0x00000044   Code   RO         5476    i.USB_EP0_OutStart  stm32h7xx_ll_usb.o
    0x08008f1c   0x08008f1c   0x00000088   Code   RO         5477    i.USB_EPClearStall  stm32h7xx_ll_usb.o
    0x08008fa4   0x08008fa4   0x0000008c   Code   RO         5478    i.USB_EPSetStall    stm32h7xx_ll_usb.o
    0x08009030   0x08009030   0x000002d0   Code   RO         5479    i.USB_EPStartXfer   stm32h7xx_ll_usb.o
    0x08009300   0x08009300   0x0000000e   Code   RO         5480    i.USB_EnableGlobalInt  stm32h7xx_ll_usb.o
    0x0800930e   0x0800930e   0x00000002   PAD
    0x08009310   0x08009310   0x0000002c   Code   RO         5481    i.USB_FlushRxFifo   stm32h7xx_ll_usb.o
    0x0800933c   0x0800933c   0x00000030   Code   RO         5482    i.USB_FlushTxFifo   stm32h7xx_ll_usb.o
    0x0800936c   0x0800936c   0x00000044   Code   RO         5484    i.USB_GetDevSpeed   stm32h7xx_ll_usb.o
    0x080093b0   0x080093b0   0x0000000a   Code   RO         5486    i.USB_GetMode       stm32h7xx_ll_usb.o
    0x080093ba   0x080093ba   0x00000012   Code   RO         5493    i.USB_ReadDevAllInEpInterrupt  stm32h7xx_ll_usb.o
    0x080093cc   0x080093cc   0x00000012   Code   RO         5494    i.USB_ReadDevAllOutEpInterrupt  stm32h7xx_ll_usb.o
    0x080093de   0x080093de   0x0000002c   Code   RO         5495    i.USB_ReadDevInEPInterrupt  stm32h7xx_ll_usb.o
    0x0800940a   0x0800940a   0x00000016   Code   RO         5496    i.USB_ReadDevOutEPInterrupt  stm32h7xx_ll_usb.o
    0x08009420   0x08009420   0x0000000c   Code   RO         5497    i.USB_ReadInterrupts  stm32h7xx_ll_usb.o
    0x0800942c   0x0800942c   0x00000028   Code   RO         5498    i.USB_ReadPacket    stm32h7xx_ll_usb.o
    0x08009454   0x08009454   0x00000030   Code   RO         5500    i.USB_SetCurrentMode  stm32h7xx_ll_usb.o
    0x08009484   0x08009484   0x00000024   Code   RO         5501    i.USB_SetDevAddress  stm32h7xx_ll_usb.o
    0x080094a8   0x080094a8   0x00000010   Code   RO         5502    i.USB_SetDevSpeed   stm32h7xx_ll_usb.o
    0x080094b8   0x080094b8   0x0000003a   Code   RO         5505    i.USB_WritePacket   stm32h7xx_ll_usb.o
    0x080094f2   0x080094f2   0x00000004   Code   RO          267    i.UsageFault_Handler  stm32h7xx_it.o
    0x080094f6   0x080094f6   0x00000002   PAD
    0x080094f8   0x080094f8   0x00000084   Code   RO         8493    i.VCP_DataRx        usbd_cdc_interface.o
    0x0800957c   0x0800957c   0x00000024   Code   RO         8494    i.VCP_DataTx        usbd_cdc_interface.o
    0x080095a0   0x080095a0   0x00000020   Code   RO         8812    i.__0printf         mc_w.l(printfa.o)
    0x080095c0   0x080095c0   0x00000024   Code   RO         8818    i.__0vsprintf       mc_w.l(printfa.o)
    0x080095e4   0x080095e4   0x00000010   Code   RO          932    i.__NVIC_GetPriorityGrouping  stm32h7xx_hal_cortex.o
    0x080095f4   0x080095f4   0x00000028   Code   RO          933    i.__NVIC_SetPriority  stm32h7xx_hal_cortex.o
    0x0800961c   0x0800961c   0x0000000e   Code   RO         8881    i.__scatterload_copy  mc_w.l(handlers.o)
    0x0800962a   0x0800962a   0x00000002   Code   RO         8882    i.__scatterload_null  mc_w.l(handlers.o)
    0x0800962c   0x0800962c   0x0000000e   Code   RO         8883    i.__scatterload_zeroinit  mc_w.l(handlers.o)
    0x0800963a   0x0800963a   0x00000002   PAD
    0x0800963c   0x0800963c   0x00000184   Code   RO         8819    i._fp_digits        mc_w.l(printfa.o)
    0x080097c0   0x080097c0   0x000006b4   Code   RO         8820    i._printf_core      mc_w.l(printfa.o)
    0x08009e74   0x08009e74   0x00000024   Code   RO         8821    i._printf_post_padding  mc_w.l(printfa.o)
    0x08009e98   0x08009e98   0x0000002e   Code   RO         8822    i._printf_pre_padding  mc_w.l(printfa.o)
    0x08009ec6   0x08009ec6   0x0000000a   Code   RO         8824    i._sputc            mc_w.l(printfa.o)
    0x08009ed0   0x08009ed0   0x00000058   Code   RO         7208    i.adc_dma_enable    adc.o
    0x08009f28   0x08009f28   0x00000188   Code   RO         7209    i.adc_dma_init      adc.o
    0x0800a0b0   0x0800a0b0   0x0000002c   Code   RO         7465    i.btim_timx_int_init  btim.o
    0x0800a0dc   0x0800a0dc   0x00000014   Code   RO          415    i.delay_init        delay.o
    0x0800a0f0   0x0800a0f0   0x00000018   Code   RO          416    i.delay_ms          delay.o
    0x0800a108   0x0800a108   0x00000048   Code   RO          417    i.delay_us          delay.o
    0x0800a150   0x0800a150   0x0000001c   Code   RO          527    i.fputc             usart.o
    0x0800a16c   0x0800a16c   0x0000017c   Code   RO            4    i.main              main.o
    0x0800a2e8   0x0800a2e8   0x0000006c   Code   RO         7727    i.my_mem_free       malloc.o
    0x0800a354   0x0800a354   0x0000002c   Code   RO         7728    i.my_mem_init       malloc.o
    0x0800a380   0x0800a380   0x000000a8   Code   RO         7729    i.my_mem_malloc     malloc.o
    0x0800a428   0x0800a428   0x00000040   Code   RO         7730    i.my_mem_perused    malloc.o
    0x0800a468   0x0800a468   0x00000024   Code   RO         7731    i.myfree            malloc.o
    0x0800a48c   0x0800a48c   0x00000028   Code   RO         7732    i.mymalloc          malloc.o
    0x0800a4b4   0x0800a4b4   0x00000014   Code   RO         7734    i.mymemset          malloc.o
    0x0800a4c8   0x0800a4c8   0x00000006   Code   RO         7520    i.read_addr         usmart.o
    0x0800a4ce   0x0800a4ce   0x00000002   PAD
    0x0800a4d0   0x0800a4d0   0x00000048   Code   RO         7271    i.scan1             scan.o
    0x0800a518   0x0800a518   0x00000048   Code   RO         7272    i.scan10            scan.o
    0x0800a560   0x0800a560   0x00000048   Code   RO         7273    i.scan11            scan.o
    0x0800a5a8   0x0800a5a8   0x00000048   Code   RO         7274    i.scan12            scan.o
    0x0800a5f0   0x0800a5f0   0x00000044   Code   RO         7275    i.scan13            scan.o
    0x0800a634   0x0800a634   0x00000044   Code   RO         7276    i.scan14            scan.o
    0x0800a678   0x0800a678   0x00000044   Code   RO         7277    i.scan15            scan.o
    0x0800a6bc   0x0800a6bc   0x00000044   Code   RO         7278    i.scan16            scan.o
    0x0800a700   0x0800a700   0x00000048   Code   RO         7279    i.scan2             scan.o
    0x0800a748   0x0800a748   0x00000048   Code   RO         7280    i.scan3             scan.o
    0x0800a790   0x0800a790   0x00000048   Code   RO         7281    i.scan4             scan.o
    0x0800a7d8   0x0800a7d8   0x00000048   Code   RO         7282    i.scan5             scan.o
    0x0800a820   0x0800a820   0x00000048   Code   RO         7283    i.scan6             scan.o
    0x0800a868   0x0800a868   0x00000048   Code   RO         7284    i.scan7             scan.o
    0x0800a8b0   0x0800a8b0   0x00000048   Code   RO         7285    i.scan8             scan.o
    0x0800a8f8   0x0800a8f8   0x00000048   Code   RO         7286    i.scan9             scan.o
    0x0800a940   0x0800a940   0x0000054c   Code   RO         7287    i.scan_init         scan.o
    0x0800ae8c   0x0800ae8c   0x000000b0   Code   RO          528    i.uart1_init        usart.o
    0x0800af3c   0x0800af3c   0x000000ac   Code   RO          529    i.uart2_init        usart.o
    0x0800afe8   0x0800afe8   0x00000038   Code   RO         8495    i.usb_printf        usbd_cdc_interface.o
    0x0800b020   0x0800b020   0x000000b0   Code   RO         7521    i.usmart_cmd_rec    usmart.o
    0x0800b0d0   0x0800b0d0   0x000002d4   Code   RO         7522    i.usmart_exe        usmart.o
    0x0800b3a4   0x0800b3a4   0x000000d4   Code   RO         7615    i.usmart_get_aparm  usmart_str.o
    0x0800b478   0x0800b478   0x00000036   Code   RO         7616    i.usmart_get_cmdname  usmart_str.o
    0x0800b4ae   0x0800b4ae   0x00000002   PAD
    0x0800b4b0   0x0800b4b0   0x000001c0   Code   RO         7617    i.usmart_get_fname  usmart_str.o
    0x0800b670   0x0800b670   0x0000010c   Code   RO         7618    i.usmart_get_fparam  usmart_str.o
    0x0800b77c   0x0800b77c   0x00000020   Code   RO         7619    i.usmart_get_parmpos  usmart_str.o
    0x0800b79c   0x0800b79c   0x00000044   Code   RO         7523    i.usmart_get_runtime  usmart.o
    0x0800b7e0   0x0800b7e0   0x00000028   Code   RO         7524    i.usmart_init       usmart.o
    0x0800b808   0x0800b808   0x00000016   Code   RO         7620    i.usmart_pow        usmart_str.o
    0x0800b81e   0x0800b81e   0x00000002   PAD
    0x0800b820   0x0800b820   0x00000034   Code   RO         7525    i.usmart_reset_runtime  usmart.o
    0x0800b854   0x0800b854   0x000000bc   Code   RO         7526    i.usmart_scan       usmart.o
    0x0800b910   0x0800b910   0x00000016   Code   RO         7621    i.usmart_search_nextc  usmart_str.o
    0x0800b926   0x0800b926   0x00000106   Code   RO         7622    i.usmart_str2num    usmart_str.o
    0x0800ba2c   0x0800ba2c   0x00000022   Code   RO         7623    i.usmart_strcmp     usmart_str.o
    0x0800ba4e   0x0800ba4e   0x00000016   Code   RO         7624    i.usmart_strcopy    usmart_str.o
    0x0800ba64   0x0800ba64   0x00000018   Code   RO         7625    i.usmart_strlen     usmart_str.o
    0x0800ba7c   0x0800ba7c   0x000006f4   Code   RO         7527    i.usmart_sys_cmd_exe  usmart.o
    0x0800c170   0x0800c170   0x00000004   Code   RO         7528    i.write_addr        usmart.o
    0x0800c174   0x0800c174   0x00000028   Data   RO          341    .constdata          system_stm32h7xx.o
    0x0800c19c   0x0800c19c   0x00000020   Data   RO         1068    .constdata          stm32h7xx_hal_dma.o
    0x0800c1bc   0x0800c1bc   0x00000018   Data   RO         2009    .constdata          stm32h7xx_hal_uart.o
    0x0800c1d4   0x0800c1d4   0x0000003c   Data   RO         7741    .constdata          malloc.o
    0x0800c210   0x0800c210   0x00000028   Data   RO         7531    .conststring        usmart.o
    0x0800c238   0x0800c238   0x0000003c   Data   RO         7702    .conststring        usmart_config.o
    0x0800c274   0x0800c274   0x00000020   Data   RO         8879    Region$$Table       anon$$obj.o


    Execution Region RW_IRAM2 (Exec base: 0x24000000, Load base: 0x0800c294, Size: 0x0002d358, Max: 0x00080000, ABSOLUTE, COMPRESSED[0x00000148])

    Exec Addr    Load Addr    Size         Type   Attr      Idx    E Section Name        Object

    0x24000000   COMPRESSED   0x0000000a   Data   RW            7    .data               main.o
    0x2400000a   COMPRESSED   0x00000002   PAD
    0x2400000c   COMPRESSED   0x00000008   Data   RW          342    .data               system_stm32h7xx.o
    0x24000014   COMPRESSED   0x00000004   Data   RW          419    .data               delay.o
    0x24000018   COMPRESSED   0x0000000b   Data   RW          532    .data               usart.o
    0x24000023   COMPRESSED   0x00000001   PAD
    0x24000024   COMPRESSED   0x00000009   Data   RW          650    .data               stm32h7xx_hal.o
    0x2400002d   COMPRESSED   0x00000001   Data   RW         7215    .data               adc.o
    0x2400002e   COMPRESSED   0x00000002   PAD
    0x24000030   COMPRESSED   0x0000003c   Data   RW         7468    .data               btim.o
    0x2400006c   COMPRESSED   0x0000001c   Data   RW         7532    .data               usmart.o
    0x24000088   COMPRESSED   0x00000104   Data   RW         7703    .data               usmart_config.o
    0x2400018c   COMPRESSED   0x00000024   Data   RW         7742    .data               malloc.o
    0x240001b0   COMPRESSED   0x00000110   Data   RW         7827    .data               usbd_cdc.o
    0x240002c0   COMPRESSED   0x00000001   Data   RW         8072    .data               usbd_ctlreq.o
    0x240002c1   COMPRESSED   0x00000001   Data   RW         8246    .data               usbd_conf.o
    0x240002c2   COMPRESSED   0x00000002   PAD
    0x240002c4   COMPRESSED   0x0000004e   Data   RW         8421    .data               usbd_desc.o
    0x24000312   COMPRESSED   0x00000002   PAD
    0x24000314   COMPRESSED   0x0000001c   Data   RW         8498    .data               usbd_cdc_interface.o
    0x24000330        -       0x0000022e   Zero   RW            5    .bss                main.o
    0x2400055e   COMPRESSED   0x00000002   PAD
    0x24000560        -       0x000008d0   Zero   RW          530    .bss                usart.o
    0x24000e30        -       0x00000140   Zero   RW         7213    .bss                adc.o
    0x24000f70        -       0x00000440   Zero   RW         7466    .bss                btim.o
    0x240013b0        -       0x00000040   Zero   RW         7529    .bss                usmart.o
    0x240013f0   COMPRESSED   0x00000010   PAD
    0x24001400        -       0x0002a800   Zero   RW         7740    .bss                malloc.o
    0x2402bc00        -       0x00000400   Zero   RW         8244    .bss                usbd_conf.o
    0x2402c000        -       0x00000100   Zero   RW         8419    .bss                usbd_desc.o
    0x2402c100        -       0x00000258   Zero   RW         8496    .bss                usbd_cdc_interface.o
    0x2402c358        -       0x00001000   Zero   RW          405    STACK               startup_stm32h743xx.o



  Load Region LR$$.ARM.__AT_0x20000000 (Base: 0x20000000, Size: 0x00000000, Max: 0x0000f000, ABSOLUTE)

    Execution Region ER$$.ARM.__AT_0x20000000 (Exec base: 0x20000000, Load base: 0x20000000, Size: 0x0000f000, Max: 0x0000f000, ABSOLUTE, UNINIT)

    Exec Addr    Load Addr    Size         Type   Attr      Idx    E Section Name        Object

    0x20000000        -       0x0000f000   Zero   RW         7736    .ARM.__AT_0x20000000  malloc.o



  Load Region LR$$.ARM.__AT_0x2000F000 (Base: 0x2000f000, Size: 0x00000000, Max: 0x00000f00, ABSOLUTE)

    Execution Region ER$$.ARM.__AT_0x2000F000 (Exec base: 0x2000f000, Load base: 0x2000f000, Size: 0x00000f00, Max: 0x00000f00, ABSOLUTE, UNINIT)

    Exec Addr    Load Addr    Size         Type   Attr      Idx    E Section Name        Object

    0x2000f000        -       0x00000f00   Zero   RW         7737    .ARM.__AT_0x2000F000  malloc.o



  Load Region LR$$.ARM.__AT_0xC01F4000 (Base: 0xc01f4000, Size: 0x00000000, Max: 0x01c3c000, ABSOLUTE)

    Execution Region ER$$.ARM.__AT_0xC01F4000 (Exec base: 0xc01f4000, Load base: 0xc01f4000, Size: 0x01c3c000, Max: 0x01c3c000, ABSOLUTE, UNINIT)

    Exec Addr    Load Addr    Size         Type   Attr      Idx    E Section Name        Object

    0xc01f4000        -       0x01c3c000   Zero   RW         7738    .ARM.__AT_0xC01F4000  malloc.o



  Load Region LR$$.ARM.__AT_0xC1E30000 (Base: 0xc1e30000, Size: 0x00000000, Max: 0x001c3c00, ABSOLUTE)

    Execution Region ER$$.ARM.__AT_0xC1E30000 (Exec base: 0xc1e30000, Load base: 0xc1e30000, Size: 0x001c3c00, Max: 0x001c3c00, ABSOLUTE, UNINIT)

    Exec Addr    Load Addr    Size         Type   Attr      Idx    E Section Name        Object

    0xc1e30000        -       0x001c3c00   Zero   RW         7739    .ARM.__AT_0xC1E30000  malloc.o


==============================================================================

Image component sizes


      Code (inc. data)   RO Data    RW Data    ZI Data      Debug   Object Name

       668         54          0          1        320       3319   adc.o
      1980        208          0         60       1088      39586   btim.o
       116          8          0          4          0       1931   delay.o
       164         14          0          0          0        899   led.o
       380         70          0         10        558    1260519   main.o
       480         54         60         36   31695616       6374   malloc.o
       306         12          0          0          0       9270   mpu.o
       672         42          0          0          0       3899   myiic.o
       112          0          0          0          0       1772   pcf8574.o
      2492        180          0          0          0       9587   scan.o
        36          8        664          0       4096        816   startup_stm32h743xx.o
       200         36          0          9          0       4471   stm32h7xx_hal.o
      3448        106          0          0          0      10023   stm32h7xx_hal_adc.o
       188          0          0          0          0       1642   stm32h7xx_hal_adc_ex.o
       436         26          0          0          0      40260   stm32h7xx_hal_cortex.o
      1718         86         32          0          0       7925   stm32h7xx_hal_dma.o
       622         54          0          0          0       3712   stm32h7xx_hal_gpio.o
         2          0          0          0          0        434   stm32h7xx_hal_msp.o
      3122         52          0          0          0      11077   stm32h7xx_hal_pcd.o
       164          4          0          0          0       3701   stm32h7xx_hal_pcd_ex.o
        20          6          0          0          0        565   stm32h7xx_hal_pwr_ex.o
      3048         86          0          0          0       5888   stm32h7xx_hal_rcc.o
      4916        122          0          0          0       7279   stm32h7xx_hal_rcc_ex.o
       734         32          0          0          0       5687   stm32h7xx_hal_tim.o
         4          0          0          0          0       1686   stm32h7xx_hal_tim_ex.o
      4292        140         24          0          0      13596   stm32h7xx_hal_uart.o
         2          0          0          0          0        944   stm32h7xx_hal_uart_ex.o
        32          0          0          0          0       3946   stm32h7xx_it.o
      3114         58          0          0          0      20394   stm32h7xx_ll_usb.o
       564         28          0          0          0      37277   sys.o
       148         18         40          8          0       1174   system_stm32h7xx.o
       786        108          0         11       2256       6481   usart.o
       732         30          0        272          0      12678   usbd_cdc.o
       672        148          0         28        600      40905   usbd_cdc_interface.o
      1030        212          0          1       1024      15360   usbd_conf.o
       792          0          0          0          0      12313   usbd_core.o
      1584         30          0          1          0      10432   usbd_ctlreq.o
       422        164          0         78        256       6918   usbd_desc.o
       174          0          0          0          0       4504   usbd_ioreq.o
      3198       1354         40         28         64       7763   usmart.o
         0          0         60        260          0       1492   usmart_config.o
      1400         20          0          0          0       8857   usmart_str.o

    ----------------------------------------------------------------------
     45024       3570        952        816   31705896    1647356   Object Totals
         0          0         32          0          0          0   (incl. Generated)
        54          0          0          9         18          0   (incl. Padding)

    ----------------------------------------------------------------------

      Code (inc. data)   RO Data    RW Data    ZI Data      Debug   Library Member Name

        86          0          0          0          0          0   __dczerorl2.o
         0          0          0          0          0          0   entry.o
         0          0          0          0          0          0   entry10a.o
         0          0          0          0          0          0   entry11a.o
         4          0          0          0          0          0   entry12b.o
         8          4          0          0          0          0   entry2.o
         4          0          0          0          0          0   entry5.o
         0          0          0          0          0          0   entry7b.o
         0          0          0          0          0          0   entry8b.o
         8          4          0          0          0          0   entry9a.o
        30          0          0          0          0          0   handlers.o
        36          8          0          0          0         68   init.o
         0          0          0          0          0          0   iusefp.o
        30          0          0          0          0         68   llshl.o
        36          0          0          0          0         68   llsshr.o
        32          0          0          0          0         68   llushr.o
        36          0          0          0          0         68   memcpya.o
        36          0          0          0          0        108   memseta.o
      2264         96          0          0          0        612   printfa.o
        14          0          0          0          0         68   strlen.o
        44          0          0          0          0         80   uidiv.o
        98          0          0          0          0         92   uldiv.o
        48          0          0          0          0         68   cdrcmple.o
       334          0          0          0          0        148   dadd.o
       222          0          0          0          0        100   ddiv.o
       186          0          0          0          0        176   depilogue.o
        48          0          0          0          0         68   dfixul.o
       228          0          0          0          0         96   dmul.o

    ----------------------------------------------------------------------
      3836        112          0          0          0       1956   Library Totals
         4          0          0          0          0          0   (incl. Padding)

    ----------------------------------------------------------------------

      Code (inc. data)   RO Data    RW Data    ZI Data      Debug   Library Name

      2766        112          0          0          0       1300   mc_w.l
      1066          0          0          0          0        656   mf_w.l

    ----------------------------------------------------------------------
      3836        112          0          0          0       1956   Library Totals

    ----------------------------------------------------------------------

==============================================================================


      Code (inc. data)   RO Data    RW Data    ZI Data      Debug   

     48860       3682        952        816   31705896    1617708   Grand Totals
     48860       3682        952        328   31705896    1617708   ELF Image Totals (compressed)
     48860       3682        952        328          0          0   ROM Totals

==============================================================================

    Total RO  Size (Code + RO Data)                49812 (  48.64kB)
    Total RW  Size (RW Data + ZI Data)          31706712 (30963.59kB)
    Total ROM Size (Code + RO Data + RW Data)      50140 (  48.96kB)

==============================================================================

